Component: ARM Compiler 5.06 update 1 (build 61) Tool: armlink [4d35a8]

==============================================================================

Section Cross References

    startup_stm32f10x_hd.o(RESET) refers to startup_stm32f10x_hd.o(STACK) for __initial_sp
    startup_stm32f10x_hd.o(RESET) refers to startup_stm32f10x_hd.o(.text) for Reset_Handler
    startup_stm32f10x_hd.o(RESET) refers to stm32f10x_it.o(.text) for NMI_Handler
    startup_stm32f10x_hd.o(.text) refers to system_stm32f10x.o(.text) for SystemInit
    startup_stm32f10x_hd.o(.text) refers to entry.o(.ARM.Collect$$$$00000000) for __main
    system_stm32f10x.o(.text) refers to system_stm32f10x.o(.data) for SystemCoreClock
    stm32f10x_adc.o(.text) refers to stm32f10x_rcc.o(.text) for RCC_APB2PeriphResetCmd
    stm32f10x_bkp.o(.text) refers to stm32f10x_rcc.o(.text) for RCC_BackupResetCmd
    stm32f10x_can.o(.text) refers to stm32f10x_rcc.o(.text) for RCC_APB1PeriphResetCmd
    stm32f10x_cec.o(.text) refers to stm32f10x_rcc.o(.text) for RCC_APB1PeriphResetCmd
    stm32f10x_dac.o(.text) refers to stm32f10x_rcc.o(.text) for RCC_APB1PeriphResetCmd
    stm32f10x_gpio.o(.text) refers to stm32f10x_rcc.o(.text) for RCC_APB2PeriphResetCmd
    stm32f10x_i2c.o(.text) refers to stm32f10x_rcc.o(.text) for RCC_APB1PeriphResetCmd
    stm32f10x_pwr.o(.text) refers to stm32f10x_rcc.o(.text) for RCC_APB1PeriphResetCmd
    stm32f10x_rcc.o(.text) refers to stm32f10x_rcc.o(.data) for APBAHBPrescTable
    stm32f10x_spi.o(.text) refers to stm32f10x_rcc.o(.text) for RCC_APB2PeriphResetCmd
    stm32f10x_tim.o(.text) refers to stm32f10x_rcc.o(.text) for RCC_APB2PeriphResetCmd
    stm32f10x_usart.o(.text) refers to stm32f10x_rcc.o(.text) for RCC_APB2PeriphResetCmd
    stm32f10x_wwdg.o(.text) refers to stm32f10x_rcc.o(.text) for RCC_APB1PeriphResetCmd
    main.o(.text) refers to bsp_systick.o(.text) for SysTick_Init
    main.o(.text) refers to bsp_usart.o(.text) for USART_Config
    main.o(.text) refers to bsp_exti.o(.text) for EXTI_Pxy_Config
    main.o(.text) refers to bsp_i2c.o(.text) for I2C_Bus_Init
    main.o(.text) refers to pwm_output.o(.text) for TIM_Init
    main.o(.text) refers to stm32f10x_tim.o(.text) for TIM_SetCompare3
    main.o(.text) refers to jd.o(.text) for getjd_init
    main.o(.text) refers to oled.o(.text) for OLED_Init
    stm32f10x_it.o(.text) refers to bsp_systick.o(.text) for TimingDelay_Decrement
    stm32f10x_it.o(.text) refers to stm32f10x_exti.o(.text) for EXTI_GetITStatus
    stm32f10x_it.o(.text) refers to jd.o(.text) for gyro_data_ready_cb
    stm32f10x_it.o(.text) refers to stm32f10x_it.o(.data) for Task_Delay
    bsp_led.o(.text) refers to stm32f10x_rcc.o(.text) for RCC_APB2PeriphClockCmd
    bsp_led.o(.text) refers to stm32f10x_gpio.o(.text) for GPIO_Init
    bsp_systick.o(.text) refers to system_stm32f10x.o(.data) for SystemCoreClock
    bsp_systick.o(.text) refers to bsp_systick.o(.data) for TimingDelay
    bsp_exti.o(.text) refers to misc.o(.text) for NVIC_PriorityGroupConfig
    bsp_exti.o(.text) refers to stm32f10x_rcc.o(.text) for RCC_APB2PeriphClockCmd
    bsp_exti.o(.text) refers to stm32f10x_gpio.o(.text) for GPIO_Init
    bsp_exti.o(.text) refers to stm32f10x_exti.o(.text) for EXTI_Init
    fonts.o(.data) refers to fonts.o(.constdata) for ASCII8x16_Table
    bsp_usart.o(.text) refers to stm32f10x_rcc.o(.text) for RCC_APB2PeriphClockCmd
    bsp_usart.o(.text) refers to stm32f10x_gpio.o(.text) for GPIO_Init
    bsp_usart.o(.text) refers to stm32f10x_usart.o(.text) for USART_Init
    bsp_i2c.o(.text) refers to stm32f10x_rcc.o(.text) for RCC_APB2PeriphClockCmd
    bsp_i2c.o(.text) refers to stm32f10x_gpio.o(.text) for GPIO_Init
    bsp_i2c.o(.text) refers to bsp_systick.o(.text) for mdelay
    bsp_i2c.o(.text) refers to bsp_i2c.o(.data) for RETRY_IN_MLSEC
    inv_mpu.o(.text) refers to bsp_i2c.o(.text) for Sensors_I2C_WriteRegister
    inv_mpu.o(.text) refers to log_stm32.o(.text) for _MLPrintLog
    inv_mpu.o(.text) refers to bsp_systick.o(.text) for mdelay
    inv_mpu.o(.text) refers to inv_mpu.o(.data) for st
    inv_mpu.o(.text) refers to ffltui.o(.text) for __aeabi_ui2f
    inv_mpu.o(.text) refers to fflti.o(.text) for __aeabi_i2f
    inv_mpu.o(.text) refers to fadd.o(.text) for __aeabi_fsub
    inv_mpu.o(.text) refers to fdiv.o(.text) for __aeabi_fdiv
    inv_mpu.o(.text) refers to fmul.o(.text) for __aeabi_fmul
    inv_mpu.o(.text) refers to ffixi.o(.text) for __aeabi_f2iz
    inv_mpu.o(.text) refers to cfcmple.o(.text) for __aeabi_cfcmpeq
    inv_mpu.o(.text) refers to f2d.o(.text) for __aeabi_f2d
    inv_mpu.o(.text) refers to cdrcmple.o(.text) for __aeabi_cdrcmple
    inv_mpu.o(.text) refers to cfrcmple.o(.text) for __aeabi_cfrcmple
    inv_mpu.o(.text) refers to inv_mpu.o(.constdata) for test
    inv_mpu.o(.text) refers to ldiv.o(.text) for __aeabi_ldivmod
    inv_mpu.o(.text) refers to memcmp.o(.text) for memcmp
    inv_mpu.o(.data) refers to inv_mpu.o(.constdata) for reg
[...]
    TIM8_CC_IRQHandler                       0x0800015f   Thumb Code     0  startup_stm32f10x_hd.o(.text)
    TIM8_TRG_COM_IRQHandler                  0x0800015f   Thumb Code     0  startup_stm32f10x_hd.o(.text)
    TIM8_UP_IRQHandler                       0x0800015f   Thumb Code     0  startup_stm32f10x_hd.o(.text)
    UART4_IRQHandler                         0x0800015f   Thumb Code     0  startup_stm32f10x_hd.o(.text)
    UART5_IRQHandler                         0x0800015f   Thumb Code     0  startup_stm32f10x_hd.o(.text)
    USART1_IRQHandler                        0x0800015f   Thumb Code     0  startup_stm32f10x_hd.o(.text)
    USART2_IRQHandler                        0x0800015f   Thumb Code     0  startup_stm32f10x_hd.o(.text)
    USART3_IRQHandler                        0x0800015f   Thumb Code     0  startup_stm32f10x_hd.o(.text)
    USBWakeUp_IRQHandler                     0x0800015f   Thumb Code     0  startup_stm32f10x_hd.o(.text)
    USB_HP_CAN1_TX_IRQHandler                0x0800015f   Thumb Code     0  startup_stm32f10x_hd.o(.text)
    USB_LP_CAN1_RX0_IRQHandler               0x0800015f   Thumb Code     0  startup_stm32f10x_hd.o(.text)
    WWDG_IRQHandler                          0x0800015f   Thumb Code     0  startup_stm32f10x_hd.o(.text)
    SystemInit                               0x08000247   Thumb Code    78  system_stm32f10x.o(.text)
    SystemCoreClockUpdate                    0x08000295   Thumb Code   142  system_stm32f10x.o(.text)
    NVIC_PriorityGroupConfig                 0x08000349   Thumb Code    10  misc.o(.text)
    NVIC_Init                                0x08000353   Thumb Code   100  misc.o(.text)
    NVIC_SetVectorTable                      0x080003b7   Thumb Code    14  misc.o(.text)
    NVIC_SystemLPConfig                      0x080003c5   Thumb Code    34  misc.o(.text)
    SysTick_CLKSourceConfig                  0x080003e7   Thumb Code    40  misc.o(.text)
    EXTI_DeInit                              0x08000425   Thumb Code    28  stm32f10x_exti.o(.text)
    EXTI_Init                                0x08000441   Thumb Code   142  stm32f10x_exti.o(.text)
    EXTI_StructInit                          0x080004cf   Thumb Code    16  stm32f10x_exti.o(.text)
    EXTI_GenerateSWInterrupt                 0x080004df   Thumb Code    16  stm32f10x_exti.o(.text)
    EXTI_GetFlagStatus                       0x080004ef   Thumb Code    22  stm32f10x_exti.o(.text)
    EXTI_ClearFlag                           0x08000505   Thumb Code     8  stm32f10x_exti.o(.text)
    EXTI_GetITStatus                         0x0800050d   Thumb Code    34  stm32f10x_exti.o(.text)
    EXTI_ClearITPendingBit                   0x0800052f   Thumb Code     8  stm32f10x_exti.o(.text)
    GPIO_DeInit                              0x08000541   Thumb Code   172  stm32f10x_gpio.o(.text)
    GPIO_AFIODeInit                          0x080005ed   Thumb Code    20  stm32f10x_gpio.o(.text)
    GPIO_Init                                0x08000601   Thumb Code   278  stm32f10x_gpio.o(.text)
    GPIO_StructInit                          0x08000717   Thumb Code    16  stm32f10x_gpio.o(.text)
    GPIO_ReadInputDataBit                    0x08000727   Thumb Code    18  stm32f10x_gpio.o(.text)
    GPIO_ReadInputData                       0x08000739   Thumb Code     8  stm32f10x_gpio.o(.text)
    GPIO_ReadOutputDataBit                   0x08000741   Thumb Code    18  stm32f10x_gpio.o(.text)
    GPIO_ReadOutputData                      0x08000753   Thumb Code     8  stm32f10x_gpio.o(.text)
    GPIO_SetBits                             0x0800075b   Thumb Code     4  stm32f10x_gpio.o(.text)
    GPIO_ResetBits                           0x0800075f   Thumb Code     4  stm32f10x_gpio.o(.text)
    GPIO_WriteBit                            0x08000763   Thumb Code    10  stm32f10x_gpio.o(.text)
    GPIO_Write                               0x0800076d   Thumb Code     4  stm32f10x_gpio.o(.text)
    GPIO_PinLockConfig                       0x08000771   Thumb Code    18  stm32f10x_gpio.o(.text)
    GPIO_EventOutputConfig                   0x08000783   Thumb Code    26  stm32f10x_gpio.o(.text)
    GPIO_EventOutputCmd                      0x0800079d   Thumb Code     6  stm32f10x_gpio.o(.text)
    GPIO_PinRemapConfig                      0x080007a3   Thumb Code   138  stm32f10x_gpio.o(.text)
    GPIO_EXTILineConfig                      0x0800082d   Thumb Code    66  stm32f10x_gpio.o(.text)
    GPIO_ETH_MediaInterfaceConfig            0x0800086f   Thumb Code     8  stm32f10x_gpio.o(.text)
    RCC_DeInit                               0x0800089d   Thumb Code    64  stm32f10x_rcc.o(.text)
    RCC_HSEConfig                            0x080008dd   Thumb Code    70  stm32f10x_rcc.o(.text)
    RCC_GetFlagStatus                        0x08000923   Thumb Code    56  stm32f10x_rcc.o(.text)
    RCC_WaitForHSEStartUp                    0x0800095b   Thumb Code    56  stm32f10x_rcc.o(.text)
    RCC_AdjustHSICalibrationValue            0x08000993   Thumb Code    20  stm32f10x_rcc.o(.text)
    RCC_HSICmd                               0x080009a7   Thumb Code     6  stm32f10x_rcc.o(.text)
    RCC_PLLConfig                            0x080009ad   Thumb Code    24  stm32f10x_rcc.o(.text)
    RCC_PLLCmd                               0x080009c5   Thumb Code     6  stm32f10x_rcc.o(.text)
    RCC_SYSCLKConfig                         0x080009cb   Thumb Code    18  stm32f10x_rcc.o(.text)
    RCC_GetSYSCLKSource                      0x080009dd   Thumb Code    10  stm32f10x_rcc.o(.text)
    RCC_HCLKConfig                           0x080009e7   Thumb Code    18  stm32f10x_rcc.o(.text)
    RCC_PCLK1Config                          0x080009f9   Thumb Code    18  stm32f10x_rcc.o(.text)
    RCC_PCLK2Config                          0x08000a0b   Thumb Code    20  stm32f10x_rcc.o(.text)
    RCC_ITConfig                             0x08000a1f   Thumb Code    26  stm32f10x_rcc.o(.text)
    RCC_USBCLKConfig                         0x08000a39   Thumb Code     8  stm32f10x_rcc.o(.text)
    RCC_ADCCLKConfig                         0x08000a41   Thumb Code    18  stm32f10x_rcc.o(.text)
    RCC_LSEConfig                            0x08000a53   Thumb Code    50  stm32f10x_rcc.o(.text)
    RCC_LSICmd                               0x08000a85   Thumb Code     6  stm32f10x_rcc.o(.text)
    RCC_RTCCLKConfig                         0x08000a8b   Thumb Code    12  stm32f10x_rcc.o(.text)
    RCC_RTCCLKCmd                            0x08000a97   Thumb Code     8  stm32f10x_rcc.o(.text)
    RCC_GetClocksFreq                        0x08000a9f   Thumb Code   192  stm32f10x_rcc.o(.text)
    RCC_AHBPeriphClockCmd                    0x08000b5f   Thumb Code    26  stm32f10x_rcc.o(.text)
    RCC_APB2PeriphClockCmd                   0x08000b79   Thumb Code    26  stm32f10x_rcc.o(.text)
    RCC_APB1PeriphClockCmd                   0x08000b93   Thumb Code    26  stm32f10x_rcc.o(.text)
    RCC_APB2PeriphResetCmd                   0x08000bad   Thumb Code    26  stm32f10x_rcc.o(.text)
    RCC_APB1PeriphResetCmd                   0x08000bc7   Thumb Code    26  stm32f10x_rcc.o(.text)
    RCC_BackupResetCmd                       0x08000be1   Thumb Code     8  stm32f10x_rcc.o(.text)
    RCC_ClockSecuritySystemCmd               0x08000be9   Thumb Code     6  stm32f10x_rcc.o(.text)
    RCC_MCOConfig                            0x08000bef   Thumb Code     6  stm32f10x_rcc.o(.text)
    RCC_ClearFlag                            0x08000bf5   Thumb Code    14  stm32f10x_rcc.o(.text)
    RCC_GetITStatus                          0x08000c03   Thumb Code    20  stm32f10x_rcc.o(.text)
    RCC_ClearITPendingBit                    0x08000c17   Thumb Code     6  stm32f10x_rcc.o(.text)
    TIM_DeInit                               0x08000c41   Thumb Code   424  stm32f10x_tim.o(.text)
    TIM_TimeBaseInit                         0x08000de9   Thumb Code   122  stm32f10x_tim.o(.text)
    TIM_OC1Init                              0x08000e63   Thumb Code   132  stm32f10x_tim.o(.text)
    TIM_OC2Init                              0x08000ee7   Thumb Code   154  stm32f10x_tim.o(.text)
    TIM_OC3Init                              0x08000f81   Thumb Code   150  stm32f10x_tim.o(.text)
    TIM_OC4Init                              0x08001017   Thumb Code   182  stm32f10x_tim.o(.text)
    TIM_SetIC4Prescaler                      0x080010cd   Thumb Code    26  stm32f10x_tim.o(.text)
    TIM_SetIC3Prescaler                      0x08001169   Thumb Code    18  stm32f10x_tim.o(.text)
    TIM_SetIC2Prescaler                      0x080011f5   Thumb Code    26  stm32f10x_tim.o(.text)
    TIM_SetIC1Prescaler                      0x08001291   Thumb Code    18  stm32f10x_tim.o(.text)
    TIM_ICInit                               0x0800130f   Thumb Code   150  stm32f10x_tim.o(.text)
    TIM_PWMIConfig                           0x080013a5   Thumb Code   124  stm32f10x_tim.o(.text)
    TIM_BDTRConfig                           0x08001421   Thumb Code    32  stm32f10x_tim.o(.text)
    TIM_TimeBaseStructInit                   0x08001441   Thumb Code    18  stm32f10x_tim.o(.text)
    TIM_OCStructInit                         0x08001453   Thumb Code    20  stm32f10x_tim.o(.text)
    TIM_ICStructInit                         0x08001467   Thumb Code    18  stm32f10x_tim.o(.text)
    TIM_BDTRStructInit                       0x08001479   Thumb Code    40  stm32f10x_tim.o(.text)
    TIM_Cmd                                  0x080014a1   Thumb Code    24  stm32f10x_tim.o(.text)
    TIM_CtrlPWMOutputs                       0x080014b9   Thumb Code    30  stm32f10x_tim.o(.text)
    TIM_ITConfig                             0x080014d7   Thumb Code    18  stm32f10x_tim.o(.text)
    TIM_GenerateEvent                        0x080014e9   Thumb Code     4  stm32f10x_tim.o(.text)
    TIM_DMAConfig                            0x080014ed   Thumb Code    10  stm32f10x_tim.o(.text)
    TIM_DMACmd                               0x080014f7   Thumb Code    18  stm32f10x_tim.o(.text)
    TIM_InternalClockConfig                  0x08001509   Thumb Code    12  stm32f10x_tim.o(.text)
    TIM_SelectInputTrigger                   0x08001515   Thumb Code    18  stm32f10x_tim.o(.text)
    TIM_ITRxExternalClockConfig              0x08001527   Thumb Code    24  stm32f10x_tim.o(.text)
    TIM_TIxExternalClockConfig               0x0800153f   Thumb Code    62  stm32f10x_tim.o(.text)
    TIM_ETRConfig                            0x0800157d   Thumb Code    28  stm32f10x_tim.o(.text)
    TIM_ETRClockMode1Config                  0x08001599   Thumb Code    54  stm32f10x_tim.o(.text)
    TIM_ETRClockMode2Config                  0x080015cf   Thumb Code    32  stm32f10x_tim.o(.text)
    TIM_PrescalerConfig                      0x080015ef   Thumb Code     6  stm32f10x_tim.o(.text)
    TIM_CounterModeConfig                    0x080015f5   Thumb Code    18  stm32f10x_tim.o(.text)
    TIM_EncoderInterfaceConfig               0x08001607   Thumb Code    66  stm32f10x_tim.o(.text)
    TIM_ForcedOC1Config                      0x08001649   Thumb Code    18  stm32f10x_tim.o(.text)
    TIM_ForcedOC2Config                      0x0800165b   Thumb Code    26  stm32f10x_tim.o(.text)
    TIM_ForcedOC3Config                      0x08001675   Thumb Code    18  stm32f10x_tim.o(.text)
    TIM_ForcedOC4Config                      0x08001687   Thumb Code    26  stm32f10x_tim.o(.text)
    TIM_ARRPreloadConfig                     0x080016a1   Thumb Code    24  stm32f10x_tim.o(.text)
    TIM_SelectCOM                            0x080016b9   Thumb Code    24  stm32f10x_tim.o(.text)
    TIM_SelectCCDMA                          0x080016d1   Thumb Code    24  stm32f10x_tim.o(.text)
    TIM_CCPreloadControl                     0x080016e9   Thumb Code    24  stm32f10x_tim.o(.text)
    TIM_OC1PreloadConfig                     0x08001701   Thumb Code    18  stm32f10x_tim.o(.text)
    TIM_OC2PreloadConfig                     0x08001713   Thumb Code    26  stm32f10x_tim.o(.text)
    TIM_OC3PreloadConfig                     0x0800172d   Thumb Code    18  stm32f10x_tim.o(.text)
    TIM_OC4PreloadConfig                     0x0800173f   Thumb Code    26  stm32f10x_tim.o(.text)
    TIM_OC1FastConfig                        0x08001759   Thumb Code    18  stm32f10x_tim.o(.text)
    TIM_OC2FastConfig                        0x0800176b   Thumb Code    26  stm32f10x_tim.o(.text)
    TIM_OC3FastConfig                        0x08001785   Thumb Code    18  stm32f10x_tim.o(.text)
    TIM_OC4FastConfig                        0x08001797   Thumb Code    26  stm32f10x_tim.o(.text)
    TIM_ClearOC1Ref                          0x080017b1   Thumb Code    18  stm32f10x_tim.o(.text)
    TIM_ClearOC2Ref                          0x080017c3   Thumb Code    24  stm32f10x_tim.o(.text)
    TIM_ClearOC3Ref                          0x080017db   Thumb Code    18  stm32f10x_tim.o(.text)
    TIM_ClearOC4Ref                          0x080017ed   Thumb Code    24  stm32f10x_tim.o(.text)
    TIM_OC1PolarityConfig                    0x08001805   Thumb Code    18  stm32f10x_tim.o(.text)
    TIM_OC1NPolarityConfig                   0x08001817   Thumb Code    18  stm32f10x_tim.o(.text)
    TIM_OC2PolarityConfig                    0x08001829   Thumb Code    26  stm32f10x_tim.o(.text)
    TIM_OC2NPolarityConfig                   0x08001843   Thumb Code    26  stm32f10x_tim.o(.text)
    TIM_OC3PolarityConfig                    0x0800185d   Thumb Code    26  stm32f10x_tim.o(.text)
    TIM_OC3NPolarityConfig                   0x08001877   Thumb Code    26  stm32f10x_tim.o(.text)
    TIM_OC4PolarityConfig                    0x08001891   Thumb Code    26  stm32f10x_tim.o(.text)
    TIM_CCxCmd                               0x080018ab   Thumb Code    30  stm32f10x_tim.o(.text)
    TIM_CCxNCmd                              0x080018c9   Thumb Code    30  stm32f10x_tim.o(.text)
    TIM_SelectOCxM                           0x080018e7   Thumb Code    82  stm32f10x_tim.o(.text)
    TIM_UpdateDisableConfig                  0x08001939   Thumb Code    24  stm32f10x_tim.o(.text)
    TIM_UpdateRequestConfig                  0x08001951   Thumb Code    24  stm32f10x_tim.o(.text)
    TIM_SelectHallSensor                     0x08001969   Thumb Code    24  stm32f10x_tim.o(.text)
    TIM_SelectOnePulseMode                   0x08001981   Thumb Code    18  stm32f10x_tim.o(.text)
    TIM_SelectOutputTrigger                  0x08001993   Thumb Code    18  stm32f10x_tim.o(.text)
    TIM_SelectSlaveMode                      0x080019a5   Thumb Code    18  stm32f10x_tim.o(.text)
    TIM_SelectMasterSlaveMode                0x080019b7   Thumb Code    18  stm32f10x_tim.o(.text)
    TIM_SetCounter                           0x080019c9   Thumb Code     4  stm32f10x_tim.o(.text)
    TIM_SetAutoreload                        0x080019cd   Thumb Code     4  stm32f10x_tim.o(.text)
    TIM_SetCompare1                          0x080019d1   Thumb Code     4  stm32f10x_tim.o(.text)
    TIM_SetCompare2                          0x080019d5   Thumb Code     4  stm32f10x_tim.o(.text)
    TIM_SetCompare3                          0x080019d9   Thumb Code     4  stm32f10x_tim.o(.text)
    TIM_SetCompare4                          0x080019dd   Thumb Code     6  stm32f10x_tim.o(.text)
    TIM_SetClockDivision                     0x080019e3   Thumb Code    18  stm32f10x_tim.o(.text)
    TIM_GetCapture1                          0x080019f5   Thumb Code     6  stm32f10x_tim.o(.text)
    TIM_GetCapture2                          0x080019fb   Thumb Code     6  stm32f10x_tim.o(.text)
    TIM_GetCapture3                          0x08001a01   Thumb Code     6  stm32f10x_tim.o(.text)
    TIM_GetCapture4                          0x08001a07   Thumb Code     8  stm32f10x_tim.o(.text)
    TIM_GetCounter                           0x08001a0f   Thumb Code     6  stm32f10x_tim.o(.text)
    TIM_GetPrescaler                         0x08001a15   Thumb Code     6  stm32f10x_tim.o(.text)
    TIM_GetFlagStatus                        0x08001a1b   Thumb Code    18  stm32f10x_tim.o(.text)
    TIM_ClearFlag                            0x08001a2d   Thumb Code     6  stm32f10x_tim.o(.text)
    TIM_GetITStatus                          0x08001a33   Thumb Code    34  stm32f10x_tim.o(.text)
    TIM_ClearITPendingBit                    0x08001a55   Thumb Code     6  stm32f10x_tim.o(.text)
    USART_DeInit                             0x08001a5d   Thumb Code   134  stm32f10x_usart.o(.text)
    USART_Init                               0x08001ae3   Thumb Code   210  stm32f10x_usart.o(.text)
    USART_StructInit                         0x08001bb5   Thumb Code    24  stm32f10x_usart.o(.text)
    USART_ClockInit                          0x08001bcd   Thumb Code    34  stm32f10x_usart.o(.text)
    USART_ClockStructInit                    0x08001bef   Thumb Code    12  stm32f10x_usart.o(.text)
    USART_Cmd                                0x08001bfb   Thumb Code    24  stm32f10x_usart.o(.text)
    USART_ITConfig                           0x08001c13   Thumb Code    74  stm32f10x_usart.o(.text)
    USART_DMACmd                             0x08001c5d   Thumb Code    18  stm32f10x_usart.o(.text)
    USART_SetAddress                         0x08001c6f   Thumb Code    18  stm32f10x_usart.o(.text)
    USART_WakeUpConfig                       0x08001c81   Thumb Code    18  stm32f10x_usart.o(.text)
    USART_ReceiverWakeUpCmd                  0x08001c93   Thumb Code    24  stm32f10x_usart.o(.text)
    USART_LINBreakDetectLengthConfig         0x08001cab   Thumb Code    18  stm32f10x_usart.o(.text)
    USART_LINCmd                             0x08001cbd   Thumb Code    24  stm32f10x_usart.o(.text)
    USART_SendData                           0x08001cd5   Thumb Code     8  stm32f10x_usart.o(.text)
    USART_ReceiveData                        0x08001cdd   Thumb Code    10  stm32f10x_usart.o(.text)
    USART_SendBreak                          0x08001ce7   Thumb Code    10  stm32f10x_usart.o(.text)
    USART_SetGuardTime                       0x08001cf1   Thumb Code    16  stm32f10x_usart.o(.text)
    USART_SetPrescaler                       0x08001d01   Thumb Code    16  stm32f10x_usart.o(.text)
    USART_SmartCardCmd                       0x08001d11   Thumb Code    24  stm32f10x_usart.o(.text)
    USART_SmartCardNACKCmd                   0x08001d29   Thumb Code    24  stm32f10x_usart.o(.text)
    USART_HalfDuplexCmd                      0x08001d41   Thumb Code    24  stm32f10x_usart.o(.text)
    USART_OverSampling8Cmd                   0x08001d59   Thumb Code    22  stm32f10x_usart.o(.text)
    USART_OneBitMethodCmd                    0x08001d6f   Thumb Code    24  stm32f10x_usart.o(.text)
    USART_IrDAConfig                         0x08001d87   Thumb Code    18  stm32f10x_usart.o(.text)
    USART_IrDACmd                            0x08001d99   Thumb Code    24  stm32f10x_usart.o(.text)
    USART_GetFlagStatus                      0x08001db1   Thumb Code    26  stm32f10x_usart.o(.text)
    USART_ClearFlag                          0x08001dcb   Thumb Code    18  stm32f10x_usart.o(.text)
    USART_GetITStatus                        0x08001ddd   Thumb Code    84  stm32f10x_usart.o(.text)
    USART_ClearITPendingBit                  0x08001e31   Thumb Code    52  stm32f10x_usart.o(.text)
    bsp_init                                 0x08001e65   Thumb Code   238  main.o(.text)
    main                                     0x08001f53   Thumb Code    16  main.o(.text)
    NMI_Handler                              0x08001f69   Thumb Code     2  stm32f10x_it.o(.text)
    HardFault_Handler                        0x08001f6b   Thumb Code     4  stm32f10x_it.o(.text)
    MemManage_Handler                        0x08001f6f   Thumb Code     4  stm32f10x_it.o(.text)
    BusFault_Handler                         0x08001f73   Thumb Code     4  stm32f10x_it.o(.text)
    UsageFault_Handler                       0x08001f77   Thumb Code     4  stm32f10x_it.o(.text)
    SVC_Handler                              0x08001f7b   Thumb Code     2  stm32f10x_it.o(.text)
    DebugMon_Handler                         0x08001f7d   Thumb Code     2  stm32f10x_it.o(.text)
    PendSV_Handler                           0x08001f7f   Thumb Code     2  stm32f10x_it.o(.text)
    SysTick_Handler                          0x08001f81   Thumb Code    46  stm32f10x_it.o(.text)
    EXTI15_10_IRQHandler                     0x08001faf   Thumb Code    26  stm32f10x_it.o(.text)
    SysTick_Init                             0x08001fcd   Thumb Code   108  bsp_systick.o(.text)
    mdelay                                   0x08002039   Thumb Code    16  bsp_systick.o(.text)
    get_tick_count                           0x08002049   Thumb Code    12  bsp_systick.o(.text)
    TimingDelay_Decrement                    0x08002055   Thumb Code    18  bsp_systick.o(.text)
    TimeStamp_Increment                      0x08002067   Thumb Code    12  bsp_systick.o(.text)
    EXTI_Pxy_Config                          0x080020b1   Thumb Code    76  bsp_exti.o(.text)
    EnableInvInterrupt                       0x080020fd   Thumb Code    34  bsp_exti.o(.text)
    DisableInvInterrupt                      0x0800211f   Thumb Code    42  bsp_exti.o(.text)
    USART_Config                             0x0800214d   Thumb Code   120  bsp_usart.o(.text)
    fputc                                    0x080021c5   Thumb Code    32  bsp_usart.o(.text)
    fgetc                                    0x080021e5   Thumb Code    26  bsp_usart.o(.text)
    Set_I2C_Retry                            0x0800224f   Thumb Code     6  bsp_i2c.o(.text)
    I2C_Bus_Init                             0x08002255   Thumb Code    18  bsp_i2c.o(.text)
    Soft_I2C_Wait_Ack                        0x08002295   Thumb Code    74  bsp_i2c.o(.text)
    Get_I2C_Retry                            0x080023ef   Thumb Code     6  bsp_i2c.o(.text)
    Sensors_I2C_WriteRegister                0x080023f5   Thumb Code    76  bsp_i2c.o(.text)
    Sensors_I2C_ReadRegister                 0x080025bb   Thumb Code    76  bsp_i2c.o(.text)
    mpu_reg_dump                             0x0800269f   Thumb Code    90  inv_mpu.o(.text)
    mpu_read_reg                             0x080026f9   Thumb Code    66  inv_mpu.o(.text)
    mpu_set_int_latched                      0x0800273b   Thumb Code   102  inv_mpu.o(.text)
    mpu_set_sensors                          0x080027a1   Thumb Code   202  inv_mpu.o(.text)
    mpu_set_bypass                           0x0800286b   Thumb Code   328  inv_mpu.o(.text)
    mpu_reset_fifo                           0x080029b3   Thumb Code   470  inv_mpu.o(.text)
    mpu_configure_fifo                       0x08002b89   Thumb Code   106  inv_mpu.o(.text)
    mpu_set_lpf                              0x08002bf3   Thumb Code   126  inv_mpu.o(.text)
    mpu_lp_accel_mode                        0x08002c71   Thumb Code   218  inv_mpu.o(.text)
    mpu_set_sample_rate                      0x08002d4b   Thumb Code   152  inv_mpu.o(.text)
    mpu_set_accel_fsr                        0x08002de3   Thumb Code   132  inv_mpu.o(.text)
    mpu_set_gyro_fsr                         0x08002e67   Thumb Code   132  inv_mpu.o(.text)
    mpu_init                                 0x08002eeb   Thumb Code   248  inv_mpu.o(.text)
    mpu_get_gyro_reg                         0x08002fe3   Thumb Code   110  inv_mpu.o(.text)
    mpu_get_accel_reg                        0x08003051   Thumb Code   110  inv_mpu.o(.text)
    mpu_get_temperature                      0x080030bf   Thumb Code   150  inv_mpu.o(.text)
    mpu_read_6500_accel_bias                 0x08003155   Thumb Code   124  inv_mpu.o(.text)
    mpu_read_6050_accel_bias                 0x080031d1   Thumb Code   134  inv_mpu.o(.text)
    mpu_read_6500_gyro_bias                  0x08003257   Thumb Code   124  inv_mpu.o(.text)
    mpu_set_gyro_bias_reg                    0x080032d3   Thumb Code   152  inv_mpu.o(.text)
    mpu_set_accel_bias_6050_reg              0x0800336b   Thumb Code   196  inv_mpu.o(.text)
    mpu_set_accel_bias_6500_reg              0x0800342f   Thumb Code   196  inv_mpu.o(.text)
    mpu_get_gyro_fsr                         0x080034f3   Thumb Code    64  inv_mpu.o(.text)
    mpu_get_accel_fsr                        0x08003533   Thumb Code    72  inv_mpu.o(.text)
    mpu_get_lpf                              0x0800357b   Thumb Code    74  inv_mpu.o(.text)
    mpu_get_sample_rate                      0x080035c5   Thumb Code    26  inv_mpu.o(.text)
    mpu_get_compass_sample_rate              0x080035df   Thumb Code    10  inv_mpu.o(.text)
    mpu_set_compass_sample_rate              0x080035e9   Thumb Code    12  inv_mpu.o(.text)
    mpu_get_gyro_sens                        0x080035f5   Thumb Code    58  inv_mpu.o(.text)
    mpu_get_accel_sens                       0x0800362f   Thumb Code    78  inv_mpu.o(.text)
    mpu_get_fifo_config                      0x0800367d   Thumb Code    12  inv_mpu.o(.text)
    mpu_get_power_state                      0x08003689   Thumb Code    22  inv_mpu.o(.text)
    mpu_get_int_status                       0x0800369f   Thumb Code    64  inv_mpu.o(.text)
    mpu_read_fifo                            0x080036df   Thumb Code   500  inv_mpu.o(.text)
    mpu_read_fifo_stream                     0x080038d3   Thumb Code   186  inv_mpu.o(.text)
    mpu_set_int_level                        0x0800398d   Thumb Code    12  inv_mpu.o(.text)
    mpu_set_dmp_state                        0x080040a5   Thumb Code   138  inv_mpu.o(.text)
    mpu_run_self_test                        0x0800412f   Thumb Code   292  inv_mpu.o(.text)
    mpu_write_mem                            0x08004253   Thumb Code   122  inv_mpu.o(.text)
    mpu_read_mem                             0x080042cd   Thumb Code   122  inv_mpu.o(.text)
    mpu_load_firmware                        0x08004347   Thumb Code   180  inv_mpu.o(.text)
    mpu_get_dmp_state                        0x080043fb   Thumb Code    14  inv_mpu.o(.text)
    mpu_get_compass_reg                      0x08004409   Thumb Code     8  inv_mpu.o(.text)
    mpu_get_compass_fsr                      0x08004411   Thumb Code     8  inv_mpu.o(.text)
    mpu_lp_motion_interrupt                  0x08004419   Thumb Code   230  inv_mpu.o(.text)
    dmp_load_motion_driver_firmware          0x08004505   Thumb Code    20  inv_mpu_dmp_motion_driver.o(.text)
    dmp_set_orientation                      0x08004519   Thumb Code   290  inv_mpu_dmp_motion_driver.o(.text)
    dmp_set_gyro_bias                        0x0800463b   Thumb Code   294  inv_mpu_dmp_motion_driver.o(.text)
    dmp_set_accel_bias                       0x08004761   Thumb Code   302  inv_mpu_dmp_motion_driver.o(.text)
    dmp_set_fifo_rate                        0x0800488f   Thumb Code   138  inv_mpu_dmp_motion_driver.o(.text)
    dmp_get_fifo_rate                        0x08004919   Thumb Code    12  inv_mpu_dmp_motion_driver.o(.text)
    dmp_set_tap_thresh                       0x08004925   Thumb Code   396  inv_mpu_dmp_motion_driver.o(.text)
    dmp_set_tap_axes                         0x08004ab1   Thumb Code    70  inv_mpu_dmp_motion_driver.o(.text)
    dmp_set_tap_count                        0x08004af7   Thumb Code    38  inv_mpu_dmp_motion_driver.o(.text)
    dmp_set_tap_time                         0x08004b1d   Thumb Code    38  inv_mpu_dmp_motion_driver.o(.text)
    dmp_set_tap_time_multi                   0x08004b43   Thumb Code    38  inv_mpu_dmp_motion_driver.o(.text)
    dmp_set_shake_reject_thresh              0x08004b69   Thumb Code    56  inv_mpu_dmp_motion_driver.o(.text)
    dmp_set_shake_reject_time                0x08004ba1   Thumb Code    38  inv_mpu_dmp_motion_driver.o(.text)
    dmp_set_shake_reject_timeout             0x08004bc7   Thumb Code    38  inv_mpu_dmp_motion_driver.o(.text)
    dmp_get_pedometer_step_count             0x08004bed   Thumb Code    66  inv_mpu_dmp_motion_driver.o(.text)
    dmp_set_pedometer_step_count             0x08004c2f   Thumb Code    42  inv_mpu_dmp_motion_driver.o(.text)
    dmp_get_pedometer_walk_time              0x08004c59   Thumb Code    72  inv_mpu_dmp_motion_driver.o(.text)
    dmp_set_pedometer_walk_time              0x08004ca1   Thumb Code    48  inv_mpu_dmp_motion_driver.o(.text)
    dmp_enable_6x_lp_quat                    0x08004cd1   Thumb Code    84  inv_mpu_dmp_motion_driver.o(.text)
    dmp_enable_lp_quat                       0x08004d25   Thumb Code    60  inv_mpu_dmp_motion_driver.o(.text)
    dmp_enable_gyro_cal                      0x08004d61   Thumb Code    62  inv_mpu_dmp_motion_driver.o(.text)
    dmp_enable_feature                       0x08004d9f   Thumb Code   530  inv_mpu_dmp_motion_driver.o(.text)
    dmp_get_enabled_features                 0x08004fb1   Thumb Code    12  inv_mpu_dmp_motion_driver.o(.text)
    dmp_set_interrupt_mode                   0x0800501b   Thumb Code    66  inv_mpu_dmp_motion_driver.o(.text)
    dmp_read_fifo                            0x0800505d   Thumb Code   514  inv_mpu_dmp_motion_driver.o(.text)
    dmp_register_tap_cb                      0x0800525f   Thumb Code    10  inv_mpu_dmp_motion_driver.o(.text)
    dmp_register_android_orient_cb           0x08005269   Thumb Code    10  inv_mpu_dmp_motion_driver.o(.text)
    fputcc                                   0x08005279   Thumb Code    30  log_stm32.o(.text)
    _MLPrintLog                              0x08005297   Thumb Code   200  log_stm32.o(.text)
    eMPL_send_quat                           0x0800535f   Thumb Code   186  log_stm32.o(.text)
    eMPL_send_data                           0x08005419   Thumb Code   404  log_stm32.o(.text)
    inv_get_sensor_type_accel                0x080055b1   Thumb Code    36  empl_outputs.o(.text)
    inv_get_sensor_type_gyro                 0x080055d5   Thumb Code    36  empl_outputs.o(.text)
    inv_get_sensor_type_compass              0x080055f9   Thumb Code    36  empl_outputs.o(.text)
    inv_get_sensor_type_quat                 0x0800561d   Thumb Code    32  empl_outputs.o(.text)
    inv_get_sensor_type_heading              0x0800563d   Thumb Code   176  empl_outputs.o(.text)
    inv_get_sensor_type_euler                0x080056ed   Thumb Code   536  empl_outputs.o(.text)
    inv_get_sensor_type_rot_mat              0x08005905   Thumb Code    36  empl_outputs.o(.text)
    inv_enable_eMPL_outputs                  0x08005a53   Thumb Code    22  empl_outputs.o(.text)
    inv_disable_eMPL_outputs                 0x08005a69   Thumb Code    14  empl_outputs.o(.text)
    inv_disable_compass_soft_iron_matrix     0x08005add   Thumb Code    10  data_builder.o(.text)
    inv_reset_compass_soft_iron_matrix       0x08005ae7   Thumb Code    70  data_builder.o(.text)
    inv_init_data_builder                    0x08005b2d   Thumb Code    44  data_builder.o(.text)
    inv_get_gyro_sensitivity                 0x08005b59   Thumb Code     6  data_builder.o(.text)
    inv_get_accel_sensitivity                0x08005b5f   Thumb Code     6  data_builder.o(.text)
    inv_get_compass_sensitivity              0x08005b65   Thumb Code     8  data_builder.o(.text)
    set_sensor_orientation_and_scale         0x08005b6d   Thumb Code     6  data_builder.o(.text)
    inv_set_gyro_orientation_and_scale       0x08005b73   Thumb Code    18  data_builder.o(.text)
    inv_set_gyro_sample_rate                 0x08005b85   Thumb Code    32  data_builder.o(.text)
    inv_set_accel_sample_rate                0x08005ba5   Thumb Code    36  data_builder.o(.text)
    inv_set_compass_sample_rate              0x08005bc9   Thumb Code    40  data_builder.o(.text)
    inv_get_gyro_sample_rate_ms              0x08005bf1   Thumb Code     8  data_builder.o(.text)
    inv_get_accel_sample_rate_ms             0x08005bf9   Thumb Code     8  data_builder.o(.text)
    inv_get_compass_sample_rate_ms           0x08005c01   Thumb Code    10  data_builder.o(.text)
    inv_set_quat_sample_rate                 0x08005c0b   Thumb Code    22  data_builder.o(.text)
    inv_set_gyro_bandwidth                   0x08005c21   Thumb Code     6  data_builder.o(.text)
    inv_set_accel_bandwidth                  0x08005c27   Thumb Code     8  data_builder.o(.text)
    inv_set_compass_bandwidth                0x08005c2f   Thumb Code     8  data_builder.o(.text)
    inv_get_compass_on                       0x08005c37   Thumb Code    12  data_builder.o(.text)
    inv_get_gyro_on                          0x08005c43   Thumb Code    10  data_builder.o(.text)
    inv_get_accel_on                         0x08005c4d   Thumb Code    12  data_builder.o(.text)
    inv_get_last_timestamp                   0x08005c59   Thumb Code    98  data_builder.o(.text)
    inv_set_accel_orientation_and_scale      0x08005cbb   Thumb Code    20  data_builder.o(.text)
    inv_set_compass_orientation_and_scale    0x08005ccf   Thumb Code    20  data_builder.o(.text)
    inv_matrix_vector_mult                   0x08005ce3   Thumb Code   110  data_builder.o(.text)
    inv_apply_calibration                    0x08005d51   Thumb Code   106  data_builder.o(.text)
    inv_get_compass_bias                     0x08005dbb   Thumb Code    20  data_builder.o(.text)
    inv_set_compass_bias                     0x08005dcf   Thumb Code    66  data_builder.o(.text)
    inv_set_compass_disturbance              0x08005e11   Thumb Code    10  data_builder.o(.text)
    inv_get_compass_disturbance              0x08005e1b   Thumb Code    10  data_builder.o(.text)
    inv_set_accel_bias                       0x08005e25   Thumb Code    92  data_builder.o(.text)
    inv_set_accel_accuracy                   0x08005e81   Thumb Code    26  data_builder.o(.text)
    inv_set_accel_bias_mask                  0x08005e9b   Thumb Code    84  data_builder.o(.text)
    inv_set_gyro_bias                        0x08005eef   Thumb Code   106  data_builder.o(.text)
    inv_get_gyro_bias_tc_set                 0x08005f59   Thumb Code    26  data_builder.o(.text)
    inv_get_gyro_bias                        0x08005f73   Thumb Code    32  data_builder.o(.text)
    inv_get_accel_bias                       0x08005f93   Thumb Code    32  data_builder.o(.text)
    inv_build_accel                          0x08005fb3   Thumb Code   128  data_builder.o(.text)
    inv_build_gyro                           0x08006033   Thumb Code    48  data_builder.o(.text)
    inv_get_compass_soft_iron_output_data    0x08006063   Thumb Code    24  data_builder.o(.text)
    inv_set_compass_soft_iron_input_data     0x0800607b   Thumb Code    72  data_builder.o(.text)
    inv_build_compass                        0x080060c3   Thumb Code   168  data_builder.o(.text)
    inv_build_temp                           0x0800616b   Thumb Code    38  data_builder.o(.text)
    inv_build_quat                           0x08006191   Thumb Code    56  data_builder.o(.text)
    inv_accel_was_turned_off                 0x080061c9   Thumb Code     8  data_builder.o(.text)
    inv_compass_was_turned_off               0x080061d1   Thumb Code    10  data_builder.o(.text)
    inv_quaternion_sensor_was_turned_off     0x080061db   Thumb Code    10  data_builder.o(.text)
    inv_gyro_was_turned_off                  0x080061e5   Thumb Code     8  data_builder.o(.text)
    inv_temperature_was_turned_off           0x080061ed   Thumb Code    10  data_builder.o(.text)
    inv_register_data_cb                     0x080061f7   Thumb Code   246  data_builder.o(.text)
    inv_unregister_data_cb                   0x080062ed   Thumb Code    96  data_builder.o(.text)
    inv_execute_on_data                      0x08006467   Thumb Code   152  data_builder.o(.text)
    inv_get_accel_set                        0x080064ff   Thumb Code    40  data_builder.o(.text)
    inv_get_gyro_set                         0x08006527   Thumb Code    34  data_builder.o(.text)
    inv_get_gyro_set_raw                     0x08006549   Thumb Code    34  data_builder.o(.text)
    inv_get_gyro                             0x0800656b   Thumb Code    12  data_builder.o(.text)
    inv_get_compass_set                      0x08006577   Thumb Code    58  data_builder.o(.text)
    inv_get_temp_set                         0x080065b1   Thumb Code    30  data_builder.o(.text)
    inv_get_gyro_accuracy                    0x080065cf   Thumb Code     6  data_builder.o(.text)
    inv_get_mag_accuracy                     0x080065d5   Thumb Code    22  data_builder.o(.text)
    inv_get_accel_accuracy                   0x080065eb   Thumb Code     6  data_builder.o(.text)
    inv_get_gyro_orient                      0x080065f1   Thumb Code    12  data_builder.o(.text)
    inv_get_accel_orient                     0x080065fd   Thumb Code    12  data_builder.o(.text)
    inv_get_compass_soft_iron_matrix_d       0x08006609   Thumb Code    24  data_builder.o(.text)
    inv_set_compass_soft_iron_matrix_d       0x08006621   Thumb Code    58  data_builder.o(.text)
    inv_get_compass_soft_iron_matrix_f       0x0800665b   Thumb Code    46  data_builder.o(.text)
    inv_set_compass_soft_iron_matrix_f       0x08006689   Thumb Code    54  data_builder.o(.text)
    inv_get_compass_soft_iron_input_data     0x080066bf   Thumb Code    26  data_builder.o(.text)
    inv_enable_compass_soft_iron_matrix      0x080066d9   Thumb Code    10  data_builder.o(.text)
    inv_set_message                          0x080066ed   Thumb Code    24  message_layer.o(.text)
    inv_get_message_level_0                  0x08006705   Thumb Code    16  message_layer.o(.text)
    inv_sinf                                 0x08006719   Thumb Code    42  ml_math_func.o(.text)
    inv_cosf                                 0x08006743   Thumb Code    44  ml_math_func.o(.text)
    inv_q30_mult                             0x0800676f   Thumb Code    18  ml_math_func.o(.text)
    inv_q_mult                               0x08006781   Thumb Code   178  ml_math_func.o(.text)
    inv_q_invert                             0x08006833   Thumb Code    24  ml_math_func.o(.text)
    inv_compass_angle                        0x0800684b   Thumb Code   162  ml_math_func.o(.text)
    inv_get_gyro_sum_of_sqr                  0x080068ed   Thumb Code    28  ml_math_func.o(.text)
    inv_q29_mult                             0x08006909   Thumb Code    18  ml_math_func.o(.text)
    inv_q30_div                              0x0800691b   Thumb Code    40  ml_math_func.o(.text)
    inv_q_shift_mult                         0x08006943   Thumb Code    32  ml_math_func.o(.text)
    inv_q_add                                0x08006963   Thumb Code    36  ml_math_func.o(.text)
    inv_vector_normalize                     0x08006987   Thumb Code   182  ml_math_func.o(.text)
    inv_q_normalize                          0x08006a3d   Thumb Code    14  ml_math_func.o(.text)
    quaternion_to_rotation_angle             0x08006a4b   Thumb Code   112  ml_math_func.o(.text)
    inv_q_rotate                             0x08006abb   Thumb Code    66  ml_math_func.o(.text)
    inv_q_multf                              0x08006afd   Thumb Code   304  ml_math_func.o(.text)
    inv_q_addf                               0x08006c2d   Thumb Code    50  ml_math_func.o(.text)
    inv_q_normalizef                         0x08006c5f   Thumb Code   366  ml_math_func.o(.text)
    inv_q_norm4                              0x08006dcd   Thumb Code   146  ml_math_func.o(.text)
    inv_q_invertf                            0x08006e5f   Thumb Code    30  ml_math_func.o(.text)
    inv_quaternion_to_rotation               0x08006e7d   Thumb Code   218  ml_math_func.o(.text)
    inv_quaternion_to_rotation_vector        0x08006f57   Thumb Code    60  ml_math_func.o(.text)
    inv_int32_to_big8                        0x08006f93   Thumb Code    20  ml_math_func.o(.text)
    inv_big8_to_int32                        0x08006fa7   Thumb Code    26  ml_math_func.o(.text)
    inv_big8_to_int16                        0x08006fc1   Thumb Code    14  ml_math_func.o(.text)
    inv_little8_to_int16                     0x08006fcf   Thumb Code    14  ml_math_func.o(.text)
    inv_int16_to_big8                        0x08006fdd   Thumb Code    12  ml_math_func.o(.text)
    inv_matrix_det_inc                       0x08006fe9   Thumb Code   100  ml_math_func.o(.text)
    inv_matrix_det_incd                      0x0800704d   Thumb Code   108  ml_math_func.o(.text)
    inv_matrix_det                           0x080070b9   Thumb Code   160  ml_math_func.o(.text)
    inv_matrix_detd                          0x08007159   Thumb Code   220  ml_math_func.o(.text)
    inv_wrap_angle                           0x08007235   Thumb Code    56  ml_math_func.o(.text)
    inv_angle_diff                           0x0800726d   Thumb Code    90  ml_math_func.o(.text)
    inv_checksum                             0x080072c7   Thumb Code    30  ml_math_func.o(.text)
    inv_orientation_matrix_to_scalar         0x08007333   Thumb Code    40  ml_math_func.o(.text)
    inv_convert_to_body                      0x0800735b   Thumb Code    82  ml_math_func.o(.text)
    inv_convert_to_chip                      0x080073ad   Thumb Code    82  ml_math_func.o(.text)
    inv_convert_to_body_with_scale           0x080073ff   Thumb Code   114  ml_math_func.o(.text)
    inv_vector_norm                          0x08007471   Thumb Code    66  ml_math_func.o(.text)
    inv_init_biquad_filter                   0x080074b3   Thumb Code    34  ml_math_func.o(.text)
    inv_calc_state_to_match_output           0x080074d5   Thumb Code    50  ml_math_func.o(.text)
    inv_biquad_filter_process                0x08007507   Thumb Code   104  ml_math_func.o(.text)
    inv_get_cross_product_vec                0x0800756f   Thumb Code    98  ml_math_func.o(.text)
    mlMatrixVectorMult                       0x080075d1   Thumb Code    62  ml_math_func.o(.text)
    inv_init_mpl                             0x0800766d   Thumb Code   106  mpl.o(.text)
    inv_get_version                          0x080076d7   Thumb Code    10  mpl.o(.text)
    inv_start_mpl                            0x080076e1   Thumb Code    38  mpl.o(.text)
    inv_store_gaming_quaternion              0x0800774d   Thumb Code    30  results_holder.o(.text)
    inv_set_compass_correction               0x0800776b   Thumb Code    30  results_holder.o(.text)
    inv_get_compass_correction               0x08007789   Thumb Code    20  results_holder.o(.text)
    inv_get_large_mag_field                  0x0800779d   Thumb Code     6  results_holder.o(.text)
    inv_set_large_mag_field                  0x080077a3   Thumb Code     6  results_holder.o(.text)
    inv_get_acc_state                        0x080077a9   Thumb Code     6  results_holder.o(.text)
    inv_set_acc_state                        0x080077af   Thumb Code     6  results_holder.o(.text)
    inv_get_motion_state                     0x080077b5   Thumb Code    16  results_holder.o(.text)
    inv_set_motion_state                     0x080077c5   Thumb Code    74  results_holder.o(.text)
    inv_set_local_field                      0x0800780f   Thumb Code    14  results_holder.o(.text)
    inv_get_local_field                      0x0800781d   Thumb Code    12  results_holder.o(.text)
    inv_set_mag_scale                        0x08007829   Thumb Code    14  results_holder.o(.text)
    inv_get_mag_scale                        0x08007837   Thumb Code    12  results_holder.o(.text)
    inv_get_gravity                          0x08007843   Thumb Code    90  results_holder.o(.text)
    inv_get_6axis_quaternion                 0x0800789d   Thumb Code    18  results_holder.o(.text)
    inv_get_quaternion                       0x080078af   Thumb Code    54  results_holder.o(.text)
    inv_get_quaternion_float                 0x080078e5   Thumb Code    50  results_holder.o(.text)
    inv_get_quaternion_set                   0x08007917   Thumb Code    68  results_holder.o(.text)
    inv_generate_results                     0x0800795b   Thumb Code    12  results_holder.o(.text)
    inv_start_results_holder                 0x08007967   Thumb Code    20  results_holder.o(.text)
    inv_init_results_holder                  0x0800797b   Thumb Code    46  results_holder.o(.text)
    inv_enable_results_holder                0x080079a9   Thumb Code    28  results_holder.o(.text)
    inv_got_accel_bias                       0x080079c5   Thumb Code     6  results_holder.o(.text)
    inv_set_accel_bias_found                 0x080079cb   Thumb Code     6  results_holder.o(.text)
    inv_got_compass_bias                     0x080079d1   Thumb Code     6  results_holder.o(.text)
    inv_set_compass_bias_found               0x080079d7   Thumb Code     6  results_holder.o(.text)
    inv_set_compass_state                    0x080079dd   Thumb Code     6  results_holder.o(.text)
    inv_get_compass_state                    0x080079e3   Thumb Code     6  results_holder.o(.text)
    inv_set_compass_bias_error               0x080079e9   Thumb Code    14  results_holder.o(.text)
    inv_get_compass_bias_error               0x080079f7   Thumb Code    12  results_holder.o(.text)
    inv_get_linear_accel                     0x08007a03   Thumb Code    60  results_holder.o(.text)
    inv_get_accel                            0x08007a3f   Thumb Code    24  results_holder.o(.text)
    inv_get_accel_float                      0x08007a57   Thumb Code    56  results_holder.o(.text)
    inv_get_gyro_float                       0x08007a8f   Thumb Code    58  results_holder.o(.text)
    inv_set_heading_confidence_interval      0x08007ac9   Thumb Code     8  results_holder.o(.text)
    inv_get_heading_confidence_interval      0x08007ad1   Thumb Code     8  results_holder.o(.text)
    inv_get_linear_accel_float               0x08007ad9   Thumb Code    56  results_holder.o(.text)
    inv_init_start_manager                   0x08007b31   Thumb Code    14  start_manager.o(.text)
    inv_unregister_mpl_start_notification    0x08007b3f   Thumb Code    86  start_manager.o(.text)
    inv_register_mpl_start_notification      0x08007b95   Thumb Code    38  start_manager.o(.text)
    inv_execute_mpl_start_notification       0x08007bbb   Thumb Code    40  start_manager.o(.text)
    inv_init_storage_manager                 0x08007be9   Thumb Code    20  storage_manager.o(.text)
    inv_register_load_store                  0x08007bfd   Thumb Code   134  storage_manager.o(.text)
    inv_get_mpl_state_size                   0x08007c83   Thumb Code    12  storage_manager.o(.text)
    inv_load_mpl_states                      0x08007cbb   Thumb Code   174  storage_manager.o(.text)
    inv_save_mpl_states                      0x08007d69   Thumb Code   158  storage_manager.o(.text)
    DelayInit                                0x08007e0d   Thumb Code    50  delay.o(.text)
    DelayUs                                  0x08007e3f   Thumb Code    72  delay.o(.text)
    DelayMs                                  0x08007e87   Thumb Code    72  delay.o(.text)
    DelayS                                   0x08007ecf   Thumb Code    26  delay.o(.text)
    OLED_WrDat                               0x08007ef9   Thumb Code    70  oled.o(.text)
    OLED_WrCmd                               0x08007f3f   Thumb Code    70  oled.o(.text)
    OLED_SetPos                              0x08007f85   Thumb Code    40  oled.o(.text)
    OLED_Fill                                0x08007fad   Thumb Code    58  oled.o(.text)
    OLED_CLS                                 0x08007fe7   Thumb Code    10  oled.o(.text)
    OLED_Init                                0x08007ff1   Thumb Code   254  oled.o(.text)
    OLED_ShowChar                            0x080080ef   Thumb Code   148  oled.o(.text)
    oled_pow                                 0x08008183   Thumb Code    22  oled.o(.text)
    OLED_ShowNum                             0x08008199   Thumb Code   136  oled.o(.text)
    showjd                                   0x08008221   Thumb Code   594  oled.o(.text)
    OLED_ShowCHinese                         0x08008473   Thumb Code    94  oled.o(.text)
    OLED_6x8Str                              0x080084d1   Thumb Code    96  oled.o(.text)
    OLED_8x16Str                             0x08008531   Thumb Code   130  oled.o(.text)
    OLED_16x16CN                             0x080085b3   Thumb Code    80  oled.o(.text)
    OLED_BMP                                 0x08008603   Thumb Code   116  oled.o(.text)
    TIM_Init                                 0x0800875b   Thumb Code    12  pwm_output.o(.text)
    gyro_data_ready_cb                       0x0800891f   Thumb Code     8  jd.o(.text)
    getjd_init                               0x08008927   Thumb Code   242  jd.o(.text)
    get_jd                                   0x08008a19   Thumb Code   692  jd.o(.text)
    inv_init_maxmin                          0x08008cd5   Thumb Code    78  fast_no_motion.o(.text)
    inv_fast_nomot_parameter                 0x08008d23   Thumb Code   318  fast_no_motion.o(.text)
    inv_fast_nomot_parameter_3rd             0x08008e61   Thumb Code   180  fast_no_motion.o(.text)
    inv_fast_nomot_set_gyro_bias             0x08008f15   Thumb Code   232  fast_no_motion.o(.text)
    inv_set_fast_nomot_compass_threshold     0x08008ffd   Thumb Code     8  fast_no_motion.o(.text)
    int_set_fast_nomot_gyro_threshold        0x08009005   Thumb Code     8  fast_no_motion.o(.text)
    inv_set_fast_nomot_accel_threshold       0x0800900d   Thumb Code     8  fast_no_motion.o(.text)
    inv_get_fast_nomot_compass_param         0x08009015   Thumb Code    18  fast_no_motion.o(.text)
    inv_get_fast_nomot_accel_param           0x08009027   Thumb Code    18  fast_no_motion.o(.text)
    inv_fast_nomot_store_data                0x08009039   Thumb Code   140  fast_no_motion.o(.text)
    inv_fast_nomot_store_data_compass        0x080090c5   Thumb Code    74  fast_no_motion.o(.text)
    inv_fast_nomot_reset_data_compass        0x0800910f   Thumb Code    36  fast_no_motion.o(.text)
    inv_fast_nomot_get_time_elaps            0x08009133   Thumb Code     8  fast_no_motion.o(.text)
    inv_fast_nomot_parameter_compass         0x0800913b   Thumb Code    22  fast_no_motion.o(.text)
    inv_get_right_shift_by_rounding          0x08009151   Thumb Code    76  fast_no_motion.o(.text)
    inv_reset_min_max_gyro_accel_statistics  0x0800919d   Thumb Code    38  fast_no_motion.o(.text)
    inv_record_max_moment_in_no_motion_gyro  0x080091c3   Thumb Code    32  fast_no_motion.o(.text)
    inv_record_max_moment_in_no_motion_accel 0x080091e3   Thumb Code    32  fast_no_motion.o(.text)
    inv_record_min_moment_in_motion_gyro     0x08009203   Thumb Code    34  fast_no_motion.o(.text)
    inv_record_min_moment_in_motion_accel    0x08009225   Thumb Code    34  fast_no_motion.o(.text)
    inv_detect_motion_by_gyro_accel          0x08009247   Thumb Code   214  fast_no_motion.o(.text)
    inv_sensor_data_preprocess               0x0800931d   Thumb Code   132  fast_no_motion.o(.text)
    inv_generate_fast_nomot                  0x080093a1   Thumb Code   498  fast_no_motion.o(.text)
    inv_set_default_number_of_samples        0x08009593   Thumb Code    56  fast_no_motion.o(.text)
    inv_init_fast_nomot                      0x080095cb   Thumb Code    78  fast_no_motion.o(.text)
    inv_start_fast_nomot                     0x08009619   Thumb Code    56  fast_no_motion.o(.text)
    inv_stop_fast_nomot                      0x08009651   Thumb Code    20  fast_no_motion.o(.text)
    inv_enable_fast_nomot                    0x08009665   Thumb Code    24  fast_no_motion.o(.text)
    inv_disable_fast_nomot                   0x0800967d   Thumb Code    18  fast_no_motion.o(.text)
    inv_get_fnm_gyro_no_motion_param         0x0800968f   Thumb Code     8  fast_no_motion.o(.text)
    inv_fnm_debug_print                      0x08009697   Thumb Code     2  fast_no_motion.o(.text)
    inv_filter_correction_angle              0x080096c9   Thumb Code   364  fusion_9axis.o(.text)
    inv_perform_9x_fusion                    0x08009835   Thumb Code   840  fusion_9axis.o(.text)
    inv_process_9x_sensor_fusion_cb          0x08009b7d   Thumb Code   120  fusion_9axis.o(.text)
    inv_init_9x_fusion                       0x08009bf5   Thumb Code    50  fusion_9axis.o(.text)
    inv_9x_fusion_set_mag_fb                 0x08009c27   Thumb Code    10  fusion_9axis.o(.text)
    inv_9x_fusion_enable_jitter_reduction    0x08009c31   Thumb Code    10  fusion_9axis.o(.text)
    inv_9x_fusion_use_timestamps             0x08009c3b   Thumb Code    10  fusion_9axis.o(.text)
    inv_start_9x_sensor_fusion               0x08009c45   Thumb Code    14  fusion_9axis.o(.text)
    inv_stop_9x_sensor_fusion                0x08009c53   Thumb Code     8  fusion_9axis.o(.text)
    inv_enable_9x_sensor_fusion              0x08009c5b   Thumb Code    30  fusion_9axis.o(.text)
    inv_disable_9x_sensor_fusion             0x08009c79   Thumb Code     8  fusion_9axis.o(.text)
    inv_init_gyro_ts                         0x0800a09f   Thumb Code    46  gyro_tc.o(.text)
    inv_set_gtc_max_temp                     0x0800a0cd   Thumb Code    10  gyro_tc.o(.text)
    inv_set_gtc_min_temp                     0x0800a0d7   Thumb Code    10  gyro_tc.o(.text)
    inv_set_gtc_min_diff                     0x0800a0e1   Thumb Code    10  gyro_tc.o(.text)
    inv_get_gyro_ts                          0x0800a0eb   Thumb Code    30  gyro_tc.o(.text)
    inv_set_gyro_ts                          0x0800a109   Thumb Code    16  gyro_tc.o(.text)
    inv_set_gtc_order                        0x0800a119   Thumb Code    16  gyro_tc.o(.text)
    inv_print_gtc_data                       0x0800a129   Thumb Code    62  gyro_tc.o(.text)
    inv_start_gyro_tc                        0x0800a167   Thumb Code    10  gyro_tc.o(.text)
    inv_stop_gyro_tc                         0x0800a171   Thumb Code     6  gyro_tc.o(.text)
    inv_enable_gyro_tc                       0x0800a177   Thumb Code    48  gyro_tc.o(.text)
    inv_disable_gyro_tc                      0x0800a1a7   Thumb Code    40  gyro_tc.o(.text)
    inv_generate_gyro_quaternion             0x0800a571   Thumb Code   260  quaternion_supervisor.o(.text)
    inv_set_quaternion                       0x0800a863   Thumb Code    38  quaternion_supervisor.o(.text)
    inv_generate_accel_gyro_quaternion       0x0800a889   Thumb Code   428  quaternion_supervisor.o(.text)
    inv_stop_quaternion                      0x0800aa7d   Thumb Code     6  quaternion_supervisor.o(.text)
    inv_init_quaternion                      0x0800aa83   Thumb Code    34  quaternion_supervisor.o(.text)
    inv_start_quaternion                     0x0800aaa5   Thumb Code    34  quaternion_supervisor.o(.text)
    inv_enable_quaternion                    0x0800aac7   Thumb Code    24  quaternion_supervisor.o(.text)
    inv_disable_quaternion                   0x0800aadf   Thumb Code    20  quaternion_supervisor.o(.text)
    inv_set_magnetic_disturbance             0x0800ab21   Thumb Code    16  mag_disturb.o(.text)
    inv_init_magnetic_disturbance            0x0800ab31   Thumb Code    50  mag_disturb.o(.text)
    MagDisturbSetDisturbance                 0x0800ab63   Thumb Code    98  mag_disturb.o(.text)
    MagDisturbCheckSettling                  0x0800abc5   Thumb Code    54  mag_disturb.o(.text)
    ComputeAngleVelocity                     0x0800abfb   Thumb Code    94  mag_disturb.o(.text)
    inv_disable_dip_tracking                 0x0800ac59   Thumb Code    10  mag_disturb.o(.text)
    Mag3ofNormalizedLong                     0x0800ac63   Thumb Code    72  mag_disturb.o(.text)
    inv_track_dip_angle                      0x0800acab   Thumb Code   114  mag_disturb.o(.text)
    inv_check_magnetic_disturbance           0x0800ad1d   Thumb Code   690  mag_disturb.o(.text)
    inv_magnetic_disturbance_process         0x0800afcf   Thumb Code    50  mag_disturb.o(.text)
    inv_start_magnetic_disturbance           0x0800b001   Thumb Code    14  mag_disturb.o(.text)
    inv_stop_magnetic_disturbance            0x0800b00f   Thumb Code     8  mag_disturb.o(.text)
    inv_enable_magnetic_disturbance          0x0800b017   Thumb Code    40  mag_disturb.o(.text)
    inv_disable_magnetic_disturbance         0x0800b03f   Thumb Code    22  mag_disturb.o(.text)
    inv_enable_dip_tracking                  0x0800b055   Thumb Code    14  mag_disturb.o(.text)
    inv_get_magnetic_disturbance_state       0x0800b063   Thumb Code     8  mag_disturb.o(.text)
    __aeabi_ldivmod                          0x0800b071   Thumb Code    98  ldiv.o(.text)
    __aeabi_llsl                             0x0800b0d3   Thumb Code    30  llshl.o(.text)
    _ll_shift_l                              0x0800b0d3   Thumb Code     0  llshl.o(.text)
    __aeabi_lasr                             0x0800b0f1   Thumb Code    36  llsshr.o(.text)
    _ll_sshift_r                             0x0800b0f1   Thumb Code     0  llsshr.o(.text)
    ___aeabi_memcpy4$move                    0x0800b115   Thumb Code     0  memmovea.o(.text)
    ___aeabi_memcpy8$move                    0x0800b115   Thumb Code     0  memmovea.o(.text)
    __aeabi_memcpy                           0x0800b115   Thumb Code    64  memmovea.o(.text)
    __aeabi_memmove                          0x0800b115   Thumb Code     0  memmovea.o(.text)
    __aeabi_memmove4                         0x0800b115   Thumb Code     0  memmovea.o(.text)
    __aeabi_memmove8                         0x0800b115   Thumb Code     0  memmovea.o(.text)
    __aeabi_memset                           0x0800b155   Thumb Code    14  memseta.o(.text)
    __aeabi_memset4                          0x0800b155   Thumb Code     0  memseta.o(.text)
    __aeabi_memset8                          0x0800b155   Thumb Code     0  memseta.o(.text)
    __aeabi_memclr                           0x0800b163   Thumb Code     4  memseta.o(.text)
    __aeabi_memclr4                          0x0800b163   Thumb Code     0  memseta.o(.text)
    __aeabi_memclr8                          0x0800b163   Thumb Code     0  memseta.o(.text)
    _memset$wrapper                          0x0800b167   Thumb Code    18  memseta.o(.text)
    memcmp                                   0x0800b179   Thumb Code    26  memcmp.o(.text)
    __aeabi_fadd                             0x0800b193   Thumb Code   164  fadd.o(.text)
    __aeabi_fsub                             0x0800b237   Thumb Code     6  fadd.o(.text)
    __aeabi_frsub                            0x0800b23d   Thumb Code     6  fadd.o(.text)
    __aeabi_fmul                             0x0800b243   Thumb Code   100  fmul.o(.text)
    __aeabi_fdiv                             0x0800b2a7   Thumb Code   124  fdiv.o(.text)
    __ARM_scalbnf                            0x0800b323   Thumb Code    24  fscalb.o(.text)
    scalbnf                                  0x0800b323   Thumb Code     0  fscalb.o(.text)
    __aeabi_dadd                             0x0800b33b   Thumb Code   322  dadd.o(.text)
    __aeabi_dsub                             0x0800b47d   Thumb Code     6  dadd.o(.text)
    __aeabi_drsub                            0x0800b483   Thumb Code     6  dadd.o(.text)
    __aeabi_dmul                             0x0800b489   Thumb Code   228  dmul.o(.text)
    __aeabi_ddiv                             0x0800b56d   Thumb Code   222  ddiv.o(.text)
    __ARM_scalbn                             0x0800b64b   Thumb Code    46  dscalb.o(.text)
    scalbn                                   0x0800b64b   Thumb Code     0  dscalb.o(.text)
    __aeabi_i2f                              0x0800b679   Thumb Code    18  fflti.o(.text)
    __aeabi_ui2f                             0x0800b68b   Thumb Code    10  ffltui.o(.text)
    __aeabi_l2f                              0x0800b695   Thumb Code    44  ffltl.o(.text)
    __aeabi_i2d                              0x0800b6c1   Thumb Code    34  dflti.o(.text)
    __aeabi_f2iz                             0x0800b6e3   Thumb Code    50  ffixi.o(.text)
    __aeabi_f2uiz                            0x0800b715   Thumb Code    40  ffixui.o(.text)
    __aeabi_f2lz                             0x0800b73d   Thumb Code    66  ffixl.o(.text)
    __aeabi_d2iz                             0x0800b77f   Thumb Code    62  dfixi.o(.text)
    __aeabi_f2d                              0x0800b7bd   Thumb Code    38  f2d.o(.text)
    __aeabi_cdcmpeq                          0x0800b7e5   Thumb Code     0  cdcmple.o(.text)
    __aeabi_cdcmple                          0x0800b7e5   Thumb Code    48  cdcmple.o(.text)
    __aeabi_cdrcmple                         0x0800b815   Thumb Code    48  cdrcmple.o(.text)
    __aeabi_d2f                              0x0800b845   Thumb Code    56  d2f.o(.text)
    __aeabi_cfcmpeq                          0x0800b87d   Thumb Code     0  cfcmple.o(.text)
    __aeabi_cfcmple                          0x0800b87d   Thumb Code    20  cfcmple.o(.text)
    __aeabi_cfrcmple                         0x0800b891   Thumb Code    20  cfrcmple.o(.text)
    __aeabi_uidiv                            0x0800b8a5   Thumb Code     0  uidiv.o(.text)
    __aeabi_uidivmod                         0x0800b8a5   Thumb Code    44  uidiv.o(.text)
    __aeabi_uldivmod                         0x0800b8d1   Thumb Code    98  uldiv.o(.text)
    __aeabi_llsr                             0x0800b933   Thumb Code    32  llushr.o(.text)
    _ll_ushift_r                             0x0800b933   Thumb Code     0  llushr.o(.text)
    __I$use$fp                               0x0800b953   Thumb Code     0  iusefp.o(.text)
    _float_round                             0x0800b953   Thumb Code    18  fepilogue.o(.text)
    _float_epilogue                          0x0800b965   Thumb Code    92  fepilogue.o(.text)
    _fsqrt                                   0x0800b9c1   Thumb Code    94  fsqrt.o(.text)
    _frnd                                    0x0800ba1f   Thumb Code    60  frnd.o(.text)
    _double_round                            0x0800ba5b   Thumb Code    30  depilogue.o(.text)
    _double_epilogue                         0x0800ba79   Thumb Code   156  depilogue.o(.text)
    _dsqrt                                   0x0800bb15   Thumb Code   162  dsqrt.o(.text)
    __aeabi_d2ulz                            0x0800bbb7   Thumb Code    48  dfixul.o(.text)
    __scatterload                            0x0800bbe9   Thumb Code    28  init.o(.text)
    __scatterload_rt2                        0x0800bbe9   Thumb Code     0  init.o(.text)
    __decompress                             0x0800bc0d   Thumb Code     0  __dczerorl2.o(.text)
    __decompress1                            0x0800bc0d   Thumb Code    86  __dczerorl2.o(.text)
    __0vsprintf                              0x0800bc65   Thumb Code    30  printfa.o(i.__0vsprintf)
    __1vsprintf                              0x0800bc65   Thumb Code     0  printfa.o(i.__0vsprintf)
    __2vsprintf                              0x0800bc65   Thumb Code     0  printfa.o(i.__0vsprintf)
    __c89vsprintf                            0x0800bc65   Thumb Code     0  printfa.o(i.__0vsprintf)
    vsprintf                                 0x0800bc65   Thumb Code     0  printfa.o(i.__0vsprintf)
    __ARM_fpclassifyf                        0x0800bc89   Thumb Code    38  fpclassifyf.o(i.__ARM_fpclassifyf)
    __kernel_poly                            0x0800bcaf   Thumb Code   170  poly.o(i.__kernel_poly)
    __mathlib_dbl_infnan                     0x0800bd59   Thumb Code     6  dunder.o(i.__mathlib_dbl_infnan)
    __mathlib_dbl_invalid                    0x0800bd5f   Thumb Code    12  dunder.o(i.__mathlib_dbl_invalid)
    __mathlib_flt_infnan                     0x0800bd6b   Thumb Code     6  funder.o(i.__mathlib_flt_infnan)
    __mathlib_flt_infnan2                    0x0800bd71   Thumb Code     4  funder.o(i.__mathlib_flt_infnan2)
    __mathlib_flt_invalid                    0x0800bd75   Thumb Code     8  funder.o(i.__mathlib_flt_invalid)
    __mathlib_flt_underflow                  0x0800bd7d   Thumb Code    10  funder.o(i.__mathlib_flt_underflow)
    __mathlib_rredf2                         0x0800bd89   Thumb Code   344  rredf.o(i.__mathlib_rredf2)
    __scatterload_copy                       0x0800bef1   Thumb Code    14  handlers.o(i.__scatterload_copy)
    __scatterload_null                       0x0800beff   Thumb Code     2  handlers.o(i.__scatterload_null)
    __scatterload_zeroinit                   0x0800bf01   Thumb Code    14  handlers.o(i.__scatterload_zeroinit)
    __set_errno                              0x0800bf11   Thumb Code     6  errno.o(i.__set_errno)
    acos                                     0x0800c7b9   Thumb Code   574  acos.o(i.acos)
    acosf                                    0x0800ca35   Thumb Code   242  acosf.o(i.acosf)
    atan2f                                   0x0800cb51   Thumb Code   528  atan2f.o(i.atan2f)
    cosf                                     0x0800cdad   Thumb Code   328  cosf.o(i.cosf)
    sinf                                     0x0800cf29   Thumb Code   338  sinf.o(i.sinf)
    sqrt                                     0x0800d0b1   Thumb Code    76  sqrt.o(i.sqrt)
    sqrtf                                    0x0800d0fd   Thumb Code    44  sqrtf.o(i.sqrtf)
    reg                                      0x0800d128   Data          30  inv_mpu.o(.constdata)
    hw                                       0x0800d146   Data          12  inv_mpu.o(.constdata)
    test                                     0x0800d154   Data          40  inv_mpu.o(.constdata)
    sin_lookup                               0x0800dd74   Data        1024  ml_math_func.o(.constdata)
    ml_ver                                   0x0800e174   Data          20  mpl.o(.constdata)
    F16x16                                   0x0800e1a3   Data        1024  oled.o(.constdata)
    F6x8                                     0x0800e5a3   Data         552  oled.o(.constdata)
    F8X16                                    0x0800e7cb   Data        1520  oled.o(.constdata)
    BMP1                                     0x0800edbb   Data        1024  oled.o(.constdata)
    Region$$Table$$Base                      0x0800f280   Number         0  anon$$obj.o(Region$$Table)
    Region$$Table$$Limit                     0x0800f2a0   Number         0  anon$$obj.o(Region$$Table)
    SystemCoreClock                          0x20000000   Data           4  system_stm32f10x.o(.data)
    AHBPrescTable                            0x20000004   Data          16  system_stm32f10x.o(.data)
    Pitch                                    0x20000028   Data           4  main.o(.data)
    Roll                                     0x2000002c   Data           4  main.o(.data)
    Yaw                                      0x20000030   Data           4  main.o(.data)
    Task_Delay                               0x20000034   Data           8  stm32f10x_it.o(.data)
    g_ul_ms_ticks                            0x2000003c   Data           4  bsp_systick.o(.data)
    Hzk                                      0x20000080   Data         512  oled.o(.data)
    hal_timestamp                            0x20000280   Data           4  jd.o(.data)
    rx_new                                   0x20000284   Data           1  jd.o(.data)
    mpl_key                                  0x20000288   Data           4  jd.o(.data)
    timestamp                                0x20000298   Data           4  jd.o(.data)
    accel_fsr                                0x2000029c   Data           1  jd.o(.data)
    new_temp                                 0x2000029d   Data           1  jd.o(.data)
    gyro_rate                                0x2000029e   Data           2  jd.o(.data)
    gyro_fsr                                 0x200002a0   Data           2  jd.o(.data)
    sensors                                  0x20000420   Data         408  data_builder.o(.bss)
    fnm                                      0x20000850   Data         608  fast_no_motion.o(.bss)
    s9axis                                   0x20000af0   Data         312  fusion_9axis.o(.bss)
    mag_disturb                              0x20000e58   Data         184  mag_disturb.o(.bss)
    __initial_sp                             0x20001310   Data           0  startup_stm32f10x_hd.o(STACK)



==============================================================================

Memory Map of the image

  Image Entry point : 0x08000131

  Load Region LR_IROM1 (Base: 0x08000000, Size: 0x0000f548, Max: 0x00040000, ABSOLUTE, COMPRESSED[0x0000f39c])

    Execution Region ER_IROM1 (Exec base: 0x08000000, Load base: 0x08000000, Size: 0x0000f2a0, Max: 0x00040000, ABSOLUTE)

    Exec Addr    Load Addr    Size         Type   Attr      Idx    E Section Name        Object

    0x08000000   0x08000000   0x00000130   Data   RO            3    RESET               startup_stm32f10x_hd.o
    0x08000130   0x08000130   0x00000000   Code   RO         1262  * .ARM.Collect$$$$00000000  mc_w.l(entry.o)
    0x08000130   0x08000130   0x00000004   Code   RO         1407    .ARM.Collect$$$$00000001  mc_w.l(entry2.o)
    0x08000134   0x08000134   0x00000004   Code   RO         1410    .ARM.Collect$$$$00000004  mc_w.l(entry5.o)
    0x08000138   0x08000138   0x00000000   Code   RO         1412    .ARM.Collect$$$$00000008  mc_w.l(entry7b.o)
    0x08000138   0x08000138   0x00000000   Code   RO         1414    .ARM.Collect$$$$0000000A  mc_w.l(entry8b.o)
    0x08000138   0x08000138   0x00000008   Code   RO         1415    .ARM.Collect$$$$0000000B  mc_w.l(entry9a.o)
    0x08000140   0x08000140   0x00000000   Code   RO         1417    .ARM.Collect$$$$0000000D  mc_w.l(entry10a.o)
    0x08000140   0x08000140   0x00000000   Code   RO         1419    .ARM.Collect$$$$0000000F  mc_w.l(entry11a.o)
    0x08000140   0x08000140   0x00000004   Code   RO         1408    .ARM.Collect$$$$00002712  mc_w.l(entry2.o)
    0x08000144   0x08000144   0x00000024   Code   RO            4    .text               startup_stm32f10x_hd.o
    0x08000168   0x08000168   0x000001e0   Code   RO           24    .text               system_stm32f10x.o
    0x08000348   0x08000348   0x000000dc   Code   RO          121    .text               misc.o
    0x08000424   0x08000424   0x0000011c   Code   RO          233    .text               stm32f10x_exti.o
    0x08000540   0x08000540   0x0000035c   Code   RO          269    .text               stm32f10x_gpio.o
    0x0800089c   0x0800089c   0x000003a4   Code   RO          317    .text               stm32f10x_rcc.o
    0x08000c40   0x08000c40   0x00000e1a   Code   RO          367    .text               stm32f10x_tim.o
    0x08001a5a   0x08001a5a   0x00000002   PAD
    0x08001a5c   0x08001a5c   0x00000408   Code   RO          379    .text               stm32f10x_usart.o
    0x08001e64   0x08001e64   0x00000104   Code   RO          403    .text               main.o
    0x08001f68   0x08001f68   0x00000064   Code   RO          443    .text               stm32f10x_it.o
    0x08001fcc   0x08001fcc   0x000000bc   Code   RO          473    .text               bsp_systick.o
    0x08002088   0x08002088   0x000000c4   Code   RO          492    .text               bsp_exti.o
    0x0800214c   0x0800214c   0x000000bc   Code   RO          517    .text               bsp_usart.o
    0x08002208   0x08002208   0x0000040c   Code   RO          529    .text               bsp_i2c.o
    0x08002614   0x08002614   0x00001ef0   Code   RO          543    .text               inv_mpu.o
    0x08004504   0x08004504   0x00000d74   Code   RO          582    .text               inv_mpu_dmp_motion_driver.o
    0x08005278   0x08005278   0x00000338   Code   RO          606    .text               log_stm32.o
    0x080055b0   0x080055b0   0x000004d4   Code   RO          636    .text               empl_outputs.o
    0x08005a84   0x08005a84   0x00000c68   Code   RO          674    .text               data_builder.o
    0x080066ec   0x080066ec   0x0000002c   Code   RO          724    .text               message_layer.o
    0x08006718   0x08006718   0x00000f38   Code   RO          738    .text               ml_math_func.o
    0x08007650   0x08007650   0x000000fc   Code   RO          771    .text               mpl.o
    0x0800774c   0x0800774c   0x000003e4   Code   RO          792    .text               results_holder.o
    0x08007b30   0x08007b30   0x000000b8   Code   RO          806    .text               start_manager.o
    0x08007be8   0x08007be8   0x00000224   Code   RO          820    .text               storage_manager.o
    0x08007e0c   0x08007e0c   0x000000ec   Code   RO          834    .text               delay.o
    0x08007ef8   0x08007ef8   0x00000798   Code   RO          851    .text               oled.o
    0x08008690   0x08008690   0x000000e0   Code   RO          871    .text               pwm_output.o
    0x08008770   0x08008770   0x00000564   Code   RO          883    .text               jd.o
    0x08008cd4   0x08008cd4   0x000009f4   Code   RO          947    .text               libmpllib.lib(fast_no_motion.o)
    0x080096c8   0x080096c8   0x0000065c   Code   RO         1038    .text               libmpllib.lib(fusion_9axis.o)
    0x08009d24   0x08009d24   0x000004bc   Code   RO         1063    .text               libmpllib.lib(gyro_tc.o)
    0x0800a1e0   0x0800a1e0   0x00000940   Code   RO         1084    .text               libmpllib.lib(quaternion_supervisor.o)
    0x0800ab20   0x0800ab20   0x00000550   Code   RO         1102    .text               libmpllib.lib(mag_disturb.o)
    0x0800b070   0x0800b070   0x00000062   Code   RO         1265    .text               mc_w.l(ldiv.o)
    0x0800b0d2   0x0800b0d2   0x0000001e   Code   RO         1267    .text               mc_w.l(llshl.o)
    0x0800b0f0   0x0800b0f0   0x00000024   Code   RO         1269    .text               mc_w.l(llsshr.o)
    0x0800b114   0x0800b114   0x00000040   Code   RO         1273    .text               mc_w.l(memmovea.o)
    0x0800b154   0x0800b154   0x00000024   Code   RO         1275    .text               mc_w.l(memseta.o)
    0x0800b178   0x0800b178   0x0000001a   Code   RO         1277    .text               mc_w.l(memcmp.o)
    0x0800b192   0x0800b192   0x000000b0   Code   RO         1311    .text               mf_w.l(fadd.o)
    0x0800b242   0x0800b242   0x00000064   Code   RO         1313    .text               mf_w.l(fmul.o)
    0x0800b2a6   0x0800b2a6   0x0000007c   Code   RO         1315    .text               mf_w.l(fdiv.o)
    0x0800b322   0x0800b322   0x00000018   Code   RO         1317    .text               mf_w.l(fscalb.o)
    0x0800b33a   0x0800b33a   0x0000014e   Code   RO         1319    .text               mf_w.l(dadd.o)
    0x0800b488   0x0800b488   0x000000e4   Code   RO         1321    .text               mf_w.l(dmul.o)
    0x0800b56c   0x0800b56c   0x000000de   Code   RO         1323    .text               mf_w.l(ddiv.o)
    0x0800b64a   0x0800b64a   0x0000002e   Code   RO         1325    .text               mf_w.l(dscalb.o)
    0x0800b678   0x0800b678   0x00000012   Code   RO         1327    .text               mf_w.l(fflti.o)
    0x0800b68a   0x0800b68a   0x0000000a   Code   RO         1329    .text               mf_w.l(ffltui.o)
    0x0800b694   0x0800b694   0x0000002c   Code   RO         1331    .text               mf_w.l(ffltl.o)
    0x0800b6c0   0x0800b6c0   0x00000022   Code   RO         1333    .text               mf_w.l(dflti.o)
    0x0800b6e2   0x0800b6e2   0x00000032   Code   RO         1335    .text               mf_w.l(ffixi.o)
    0x0800b714   0x0800b714   0x00000028   Code   RO         1337    .text               mf_w.l(ffixui.o)
    0x0800b73c   0x0800b73c   0x00000042   Code   RO         1339    .text               mf_w.l(ffixl.o)
    0x0800b77e   0x0800b77e   0x0000003e   Code   RO         1341    .text               mf_w.l(dfixi.o)
    0x0800b7bc   0x0800b7bc   0x00000026   Code   RO         1343    .text               mf_w.l(f2d.o)
    0x0800b7e2   0x0800b7e2   0x00000002   PAD
    0x0800b7e4   0x0800b7e4   0x00000030   Code   RO         1345    .text               mf_w.l(cdcmple.o)
    0x0800b814   0x0800b814   0x00000030   Code   RO         1347    .text               mf_w.l(cdrcmple.o)
    0x0800b844   0x0800b844   0x00000038   Code   RO         1349    .text               mf_w.l(d2f.o)
    0x0800b87c   0x0800b87c   0x00000014   Code   RO         1351    .text               mf_w.l(cfcmple.o)
    0x0800b890   0x0800b890   0x00000014   Code   RO         1353    .text               mf_w.l(cfrcmple.o)
    0x0800b8a4   0x0800b8a4   0x0000002c   Code   RO         1422    .text               mc_w.l(uidiv.o)
    0x0800b8d0   0x0800b8d0   0x00000062   Code   RO         1424    .text               mc_w.l(uldiv.o)
    0x0800b932   0x0800b932   0x00000020   Code   RO         1426    .text               mc_w.l(llushr.o)
    0x0800b952   0x0800b952   0x00000000   Code   RO         1435    .text               mc_w.l(iusefp.o)
    0x0800b952   0x0800b952   0x0000006e   Code   RO         1436    .text               mf_w.l(fepilogue.o)
    0x0800b9c0   0x0800b9c0   0x0000005e   Code   RO         1438    .text               mf_w.l(fsqrt.o)
    0x0800ba1e   0x0800ba1e   0x0000003c   Code   RO         1440    .text               mf_w.l(frnd.o)
    0x0800ba5a   0x0800ba5a   0x000000ba   Code   RO         1442    .text               mf_w.l(depilogue.o)
    0x0800bb14   0x0800bb14   0x000000a2   Code   RO         1444    .text               mf_w.l(dsqrt.o)
    0x0800bbb6   0x0800bbb6   0x00000030   Code   RO         1446    .text               mf_w.l(dfixul.o)
    0x0800bbe6   0x0800bbe6   0x00000002   PAD
    0x0800bbe8   0x0800bbe8   0x00000024   Code   RO         1448    .text               mc_w.l(init.o)
    0x0800bc0c   0x0800bc0c   0x00000056   Code   RO         1460    .text               mc_w.l(__dczerorl2.o)
    0x0800bc62   0x0800bc62   0x00000002   PAD
    0x0800bc64   0x0800bc64   0x00000024   Code   RO         1290    i.__0vsprintf       mc_w.l(printfa.o)
    0x0800bc88   0x0800bc88   0x00000026   Code   RO         1374    i.__ARM_fpclassifyf  m_ws.l(fpclassifyf.o)
    0x0800bcae   0x0800bcae   0x000000aa   Code   RO         1390    i.__kernel_poly     m_ws.l(poly.o)
    0x0800bd58   0x0800bd58   0x00000006   Code   RO         1359    i.__mathlib_dbl_infnan  m_ws.l(dunder.o)
    0x0800bd5e   0x0800bd5e   0x0000000c   Code   RO         1361    i.__mathlib_dbl_invalid  m_ws.l(dunder.o)
    0x0800bd6a   0x0800bd6a   0x00000006   Code   RO         1377    i.__mathlib_flt_infnan  m_ws.l(funder.o)
    0x0800bd70   0x0800bd70   0x00000004   Code   RO         1378    i.__mathlib_flt_infnan2  m_ws.l(funder.o)
    0x0800bd74   0x0800bd74   0x00000008   Code   RO         1379    i.__mathlib_flt_invalid  m_ws.l(funder.o)
    0x0800bd7c   0x0800bd7c   0x0000000a   Code   RO         1382    i.__mathlib_flt_underflow  m_ws.l(funder.o)
    0x0800bd86   0x0800bd86   0x00000002   PAD
    0x0800bd88   0x0800bd88   0x00000168   Code   RO         1398    i.__mathlib_rredf2  m_ws.l(rredf.o)
    0x0800bef0   0x0800bef0   0x0000000e   Code   RO         1454    i.__scatterload_copy  mc_w.l(handlers.o)
    0x0800befe   0x0800befe   0x00000002   Code   RO         1455    i.__scatterload_null  mc_w.l(handlers.o)
    0x0800bf00   0x0800bf00   0x0000000e   Code   RO         1456    i.__scatterload_zeroinit  mc_w.l(handlers.o)
    0x0800bf0e   0x0800bf0e   0x00000002   PAD
    0x0800bf10   0x0800bf10   0x0000000c   Code   RO         1430    i.__set_errno       mc_w.l(errno.o)
    0x0800bf1c   0x0800bf1c   0x00000164   Code   RO         1291    i._fp_digits        mc_w.l(printfa.o)
    0x0800c080   0x0800c080   0x000006dc   Code   RO         1292    i._printf_core      mc_w.l(printfa.o)
    0x0800c75c   0x0800c75c   0x00000024   Code   RO         1293    i._printf_post_padding  mc_w.l(printfa.o)
    0x0800c780   0x0800c780   0x0000002e   Code   RO         1294    i._printf_pre_padding  mc_w.l(printfa.o)
    0x0800c7ae   0x0800c7ae   0x0000000a   Code   RO         1296    i._sputc            mc_w.l(printfa.o)
    0x0800c7b8   0x0800c7b8   0x0000027c   Code   RO         1125    i.acos              m_ws.l(acos.o)
    0x0800ca34   0x0800ca34   0x0000011c   Code   RO         1135    i.acosf             m_ws.l(acosf.o)
    0x0800cb50   0x0800cb50   0x0000025c   Code   RO         1179    i.atan2f            m_ws.l(atan2f.o)
    0x0800cdac   0x0800cdac   0x0000017c   Code   RO         1199    i.cosf              m_ws.l(cosf.o)
    0x0800cf28   0x0800cf28   0x00000188   Code   RO         1239    i.sinf              m_ws.l(sinf.o)
    0x0800d0b0   0x0800d0b0   0x0000004c   Code   RO         1247    i.sqrt              m_ws.l(sqrt.o)
    0x0800d0fc   0x0800d0fc   0x0000002c   Code   RO         1255    i.sqrtf             m_ws.l(sqrtf.o)
    0x0800d128   0x0800d128   0x00000054   Data   RO          544    .constdata          inv_mpu.o
    0x0800d17c   0x0800d17c   0x00000bf6   Data   RO          584    .constdata          inv_mpu_dmp_motion_driver.o
    0x0800dd72   0x0800dd72   0x00000002   PAD
    0x0800dd74   0x0800dd74   0x00000400   Data   RO          739    .constdata          ml_math_func.o
    0x0800e174   0x0800e174   0x0000002f   Data   RO          772    .constdata          mpl.o
    0x0800e1a3   0x0800e1a3   0x00001018   Data   RO          852    .constdata          oled.o
    0x0800f1bb   0x0800f1bb   0x00000005   PAD
    0x0800f1c0   0x0800f1c0   0x00000050   Data   RO         1126    .constdata          m_ws.l(acos.o)
    0x0800f210   0x0800f210   0x00000020   Data   RO         1399    .constdata          m_ws.l(rredf.o)
    0x0800f230   0x0800f230   0x00000044   Data   RO          676    .conststring        data_builder.o
    0x0800f274   0x0800f274   0x00000009   Data   RO          886    .conststring        jd.o
    0x0800f27d   0x0800f27d   0x00000003   PAD
    0x0800f280   0x0800f280   0x00000020   Data   RO         1452    Region$$Table       anon$$obj.o


    Execution Region RW_IRAM1 (Exec base: 0x20000000, Load base: 0x0800f2a0, Size: 0x00001310, Max: 0x0000c000, ABSOLUTE, COMPRESSED[0x000000fc])

    Exec Addr    Load Addr    Size         Type   Attr      Idx    E Section Name        Object

    0x20000000   COMPRESSED   0x00000014   Data   RW           25    .data               system_stm32f10x.o
    0x20000014   COMPRESSED   0x00000014   Data   RW          318    .data               stm32f10x_rcc.o
    0x20000028   COMPRESSED   0x0000000c   Data   RW          404    .data               main.o
    0x20000034   COMPRESSED   0x00000008   Data   RW          444    .data               stm32f10x_it.o
    0x2000003c   COMPRESSED   0x00000008   Data   RW          474    .data               bsp_systick.o
    0x20000044   COMPRESSED   0x00000006   Data   RW          530    .data               bsp_i2c.o
    0x2000004a   COMPRESSED   0x00000002   PAD
    0x2000004c   COMPRESSED   0x0000002c   Data   RW          545    .data               inv_mpu.o
    0x20000078   COMPRESSED   0x00000004   Data   RW          725    .data               message_layer.o
    0x2000007c   COMPRESSED   0x00000004   Data   RW          835    .data               delay.o
    0x20000080   COMPRESSED   0x00000200   Data   RW          853    .data               oled.o
    0x20000280   COMPRESSED   0x00000022   Data   RW          887    .data               jd.o
    0x200002a2   COMPRESSED   0x00000002   PAD
    0x200002a4   COMPRESSED   0x00000004   Data   RW         1431    .data               mc_w.l(errno.o)
    0x200002a8        -       0x00000010   Zero   RW          583    .bss                inv_mpu_dmp_motion_driver.o
    0x200002b8        -       0x00000028   Zero   RW          637    .bss                empl_outputs.o
    0x200002e0        -       0x000002d8   Zero   RW          675    .bss                data_builder.o
    0x200005b8        -       0x00000088   Zero   RW          793    .bss                results_holder.o
    0x20000640        -       0x00000054   Zero   RW          807    .bss                start_manager.o
    0x20000694        -       0x00000198   Zero   RW          821    .bss                storage_manager.o
    0x2000082c        -       0x00000024   Zero   RW          884    .bss                jd.o
    0x20000850        -       0x000002a0   Zero   RW          948    .bss                libmpllib.lib(fast_no_motion.o)
    0x20000af0        -       0x00000138   Zero   RW         1039    .bss                libmpllib.lib(fusion_9axis.o)
    0x20000c28        -       0x000001c4   Zero   RW         1064    .bss                libmpllib.lib(gyro_tc.o)
    0x20000dec        -       0x0000006c   Zero   RW         1085    .bss                libmpllib.lib(quaternion_supervisor.o)
    0x20000e58        -       0x000000b8   Zero   RW         1103    .bss                libmpllib.lib(mag_disturb.o)
    0x20000f10        -       0x00000400   Zero   RW            1    STACK               startup_stm32f10x_hd.o


==============================================================================

Image component sizes


      Code (inc. data)   RO Data    RW Data    ZI Data      Debug   Object Name

       196          4          0          0          0       1061   bsp_exti.o
      1036         14          0          6          0       5952   bsp_i2c.o
       188         22          0          8          0      17022   bsp_systick.o
       188         10          0          0          0       1015   bsp_usart.o
         0          0          0          0          0       4512   core_cm3.o
      3176         72         68          0        728      18736   data_builder.o
       236         16          0          4          0       1235   delay.o
      1236         44          0          0         40      11625   empl_outputs.o
      7920        108         84         44          0      24683   inv_mpu.o
      3444        128       3062          0         16      15487   inv_mpu_dmp_motion_driver.o
      1380        220          9         34         36       5436   jd.o
       824         22          0          0          0       2231   log_stm32.o
       260          6          0         12          0       2169   main.o
        44          4          0          4          0       1450   message_layer.o
       220         22          0          0          0       1813   misc.o
      3896         54       1024          0          0      16021   ml_math_func.o
       252         70         47          0          0       2158   mpl.o
      1944         56       4120        512          0       5737   oled.o
       224         10          0          0          0        871   pwm_output.o
       996         10          0          0        136       9477   results_holder.o
       184          6          0          0         84       2266   start_manager.o
        36          8        304          0       1024        852   startup_stm32f10x_hd.o
       284         10          0          0          0       2267   stm32f10x_exti.o
       860         38          0          0          0       5741   stm32f10x_gpio.o
       100          4          0          8          0       2136   stm32f10x_it.o
       932         36          0         20          0       8920   stm32f10x_rcc.o
      3610         88          0          0          0      22852   stm32f10x_tim.o
      1032         22          0          0          0       8472   stm32f10x_usart.o
       548          6          0          0        408       3610   storage_manager.o
       480         38          0         20          0     252471   system_stm32f10x.o

    ----------------------------------------------------------------------
     35728       1148       8760        676       2472     458278   Object Totals
         0          0         32          0          0          0   (incl. Generated)
         2          0         10          4          0          0   (incl. Padding)

    ----------------------------------------------------------------------

      Code (inc. data)   RO Data    RW Data    ZI Data      Debug   Library Member Name

      2548         42          0          0        672      19752   fast_no_motion.o
      1628         54          0          0        312       5308   fusion_9axis.o
      1212         30          0          0        452       5515   gyro_tc.o
      1360         46          0          0        184       7270   mag_disturb.o
      2368        102          0          0        108       5409   quaternion_supervisor.o
       636         62         80          0          0        188   acos.o
       284         42          0          0          0        120   acosf.o
       604         76          0          0          0        116   atan2f.o
       380         52          0          0          0        124   cosf.o
        18          0          0          0          0        136   dunder.o
        38          0          0          0          0         68   fpclassifyf.o
        28          0          0          0          0        272   funder.o
       170          0          0          0          0         96   poly.o
       360         16         32          0          0         88   rredf.o
       392         54          0          0          0        124   sinf.o
        76          0          0          0          0         84   sqrt.o
        44          0          0          0          0         80   sqrtf.o
        86          0          0          0          0          0   __dczerorl2.o
         0          0          0          0          0          0   entry.o
         0          0          0          0          0          0   entry10a.o
         0          0          0          0          0          0   entry11a.o
         8          4          0          0          0          0   entry2.o
         4          0          0          0          0          0   entry5.o
         0          0          0          0          0          0   entry7b.o
         0          0          0          0          0          0   entry8b.o
         8          4          0          0          0          0   entry9a.o
        12          6          0          4          0         68   errno.o
        30          0          0          0          0          0   handlers.o
        36          8          0          0          0         68   init.o
         0          0          0          0          0          0   iusefp.o
        98          0          0          0          0         84   ldiv.o
        30          0          0          0          0         68   llshl.o
        36          0          0          0          0         68   llsshr.o
        32          0          0          0          0         68   llushr.o
        26          0          0          0          0         80   memcmp.o
        64          0          0          0          0         76   memmovea.o
        36          0          0          0          0        108   memseta.o
      2240         86          0          0          0        508   printfa.o
        44          0          0          0          0         80   uidiv.o
        98          0          0          0          0         92   uldiv.o
        48          0          0          0          0         68   cdcmple.o
        48          0          0          0          0         68   cdrcmple.o
        20          0          0          0          0         68   cfcmple.o
        20          0          0          0          0         68   cfrcmple.o
        56          0          0          0          0         88   d2f.o
       334          0          0          0          0        148   dadd.o
       222          0          0          0          0        100   ddiv.o
       186          0          0          0          0        176   depilogue.o
        62          0          0          0          0         80   dfixi.o
        48          0          0          0          0         68   dfixul.o
        34          0          0          0          0         76   dflti.o
       228          0          0          0          0         96   dmul.o
        46          0          0          0          0         80   dscalb.o
       162          0          0          0          0        100   dsqrt.o
        38          0          0          0          0         68   f2d.o
       176          0          0          0          0        140   fadd.o
       124          0          0          0          0         88   fdiv.o
       110          0          0          0          0        168   fepilogue.o
        50          0          0          0          0         68   ffixi.o
        66          0          0          0          0         76   ffixl.o
        40          0          0          0          0         68   ffixui.o
        18          0          0          0          0         68   fflti.o
        44          0          0          0          0         92   ffltl.o
        10          0          0          0          0         68   ffltui.o
       100          0          0          0          0         76   fmul.o
        60          0          0          0          0         76   frnd.o
        24          0          0          0          0         68   fscalb.o
        94          0          0          0          0         96   fsqrt.o

    ----------------------------------------------------------------------
     17512        684        112          4       1728      48622   Library Totals
        10          0          0          0          0          0   (incl. Padding)

    ----------------------------------------------------------------------

      Code (inc. data)   RO Data    RW Data    ZI Data      Debug   Library Name

      9116        274          0          0       1728      43254   libmpllib.lib
      3030        302        112          0          0       1496   m_ws.l
      2888        108          0          4          0       1368   mc_w.l
      2468          0          0          0          0       2504   mf_w.l

    ----------------------------------------------------------------------
     17512        684        112          4       1728      48622   Library Totals

    ----------------------------------------------------------------------

==============================================================================


      Code (inc. data)   RO Data    RW Data    ZI Data      Debug   

     53240       1832       8872        680       4200     500580   Grand Totals
     53240       1832       8872        252       4200     500580   ELF Image Totals (compressed)
     53240       1832       8872        252          0          0   ROM Totals

==============================================================================

    Total RO  Size (Code + RO Data)                62112 (  60.66kB)
    Total RW  Size (RW Data + ZI Data)              4880 (   4.77kB)
    Total ROM Size (Code + RO Data + RW Data)      62364 (  60.90kB)

==============================================================================

